Archive member included to satisfy reference by file (symbol)

C:/Program Files/SEGGER/SEGGER Embedded Studio for ARM 4.52c/lib/libc_v7em_fpv4_sp_d16_hard_t_le_eabi.a(libc2.o)
                              Output/fatfs_pca10056 Release/Obj/nrf_log_str_formatter.o (isprint)
C:/Program Files/SEGGER/SEGGER Embedded Studio for ARM 4.52c/lib/libc_v7em_fpv4_sp_d16_hard_t_le_eabi.a(libc2_asm.o)
                              Output/fatfs_pca10056 Release/Obj/nrf_log_frontend.o (memcpy)
C:/Program Files/SEGGER/SEGGER Embedded Studio for ARM 4.52c/lib/libc_v7em_fpv4_sp_d16_hard_t_le_eabi.a(libc.o)
                              C:/Program Files/SEGGER/SEGGER Embedded Studio for ARM 4.52c/lib/libc_v7em_fpv4_sp_d16_hard_t_le_eabi.a(libc2.o) (__heap_lock)
C:/Program Files/SEGGER/SEGGER Embedded Studio for ARM 4.52c/lib/libc_v7em_fpv4_sp_d16_hard_t_le_eabi.a(libc_asm.o)
                              C:/Program Files/SEGGER/SEGGER Embedded Studio for ARM 4.52c/lib/libc_v7em_fpv4_sp_d16_hard_t_le_eabi.a(libc2.o) (__aeabi_uldivmod)
C:/Program Files/SEGGER/SEGGER Embedded Studio for ARM 4.52c/lib/libdebugio_v7em_fpv4_sp_d16_hard_t_le_eabi.a(libdebugio.o)
                              Output/fatfs_pca10056 Release/Obj/thumb_crt0.o (debug_fopen)
C:/Program Files/SEGGER/SEGGER Embedded Studio for ARM 4.52c/lib/libdebugio_mempoll_v7em_fpv4_sp_d16_hard_t_le_eabi.a(mempoll_debug_operations.o)
                              C:/Program Files/SEGGER/SEGGER Embedded Studio for ARM 4.52c/lib/libdebugio_v7em_fpv4_sp_d16_hard_t_le_eabi.a(libdebugio.o) (__do_debug_operation)
C:/Program Files/SEGGER/SEGGER Embedded Studio for ARM 4.52c/lib/libdebugio_mempoll_v7em_fpv4_sp_d16_hard_t_le_eabi.a(do_nv_debug_operation.o)
                              C:/Program Files/SEGGER/SEGGER Embedded Studio for ARM 4.52c/lib/libdebugio_v7em_fpv4_sp_d16_hard_t_le_eabi.a(libdebugio.o) (__do_nvdebug_operation)
C:/Program Files/SEGGER/SEGGER Embedded Studio for ARM 4.52c/lib/libm_v7em_fpv4_sp_d16_hard_t_le_eabi.a(libm_asm.o)
                              C:/Program Files/SEGGER/SEGGER Embedded Studio for ARM 4.52c/lib/libc_v7em_fpv4_sp_d16_hard_t_le_eabi.a(libc2.o) (__aeabi_dadd)
C:/Program Files/SEGGER/SEGGER Embedded Studio for ARM 4.52c/lib/libm_v7em_fpv4_sp_d16_hard_t_le_eabi.a(libm2.o)
                              C:/Program Files/SEGGER/SEGGER Embedded Studio for ARM 4.52c/lib/libvfprintf_v7em_fpv4_sp_d16_hard_t_le_eabi.o (frexp)

Discarded input sections

 .text          0x0000000000000000        0x0 Output/fatfs_pca10056 Release/Obj/thumb_crt0.o
 .data          0x0000000000000000        0x0 Output/fatfs_pca10056 Release/Obj/thumb_crt0.o
 .bss           0x0000000000000000        0x0 Output/fatfs_pca10056 Release/Obj/thumb_crt0.o
 .text.__aeabi_read_tp
                0x0000000000000000        0x8 Output/fatfs_pca10056 Release/Obj/thumb_crt0.o
 .text.abort    0x0000000000000000        0x2 Output/fatfs_pca10056 Release/Obj/thumb_crt0.o
 .text.__assert
                0x0000000000000000        0x2 Output/fatfs_pca10056 Release/Obj/thumb_crt0.o
 .text.__assert_func
                0x0000000000000000        0x2 Output/fatfs_pca10056 Release/Obj/thumb_crt0.o
 .text.__aeabi_assert
                0x0000000000000000        0x2 Output/fatfs_pca10056 Release/Obj/thumb_crt0.o
 .text.__sync_synchronize
                0x0000000000000000        0x2 Output/fatfs_pca10056 Release/Obj/thumb_crt0.o
 .text.__getchar
                0x0000000000000000        0x4 Output/fatfs_pca10056 Release/Obj/thumb_crt0.o
 .text.__putchar
                0x0000000000000000        0x4 Output/fatfs_pca10056 Release/Obj/thumb_crt0.o
 .text.__open   0x0000000000000000        0x4 Output/fatfs_pca10056 Release/Obj/thumb_crt0.o
 .text.__close  0x0000000000000000        0x4 Output/fatfs_pca10056 Release/Obj/thumb_crt0.o
 .text.__write  0x0000000000000000        0xa Output/fatfs_pca10056 Release/Obj/thumb_crt0.o
 .text.__read   0x0000000000000000        0xa Output/fatfs_pca10056 Release/Obj/thumb_crt0.o
 .text.__seek   0x0000000000000000       0x1a Output/fatfs_pca10056 Release/Obj/thumb_crt0.o
 .bss.__user_locale_name_buffer
                0x0000000000000000        0x4 Output/fatfs_pca10056 Release/Obj/thumb_crt0.o
 .stack         0x0000000000000000        0x0 Output/fatfs_pca10056 Release/Obj/thumb_crt0.o
 .stack_process
                0x0000000000000000        0x0 Output/fatfs_pca10056 Release/Obj/thumb_crt0.o
 .heap          0x0000000000000000        0x0 Output/fatfs_pca10056 Release/Obj/thumb_crt0.o
 .group         0x0000000000000000        0xc Output/fatfs_pca10056 Release/Obj/nrf_log_backend_rtt.o
 .group         0x0000000000000000        0xc Output/fatfs_pca10056 Release/Obj/nrf_log_backend_rtt.o
 .group         0x0000000000000000        0xc Output/fatfs_pca10056 Release/Obj/nrf_log_backend_rtt.o
 .group         0x0000000000000000        0xc Output/fatfs_pca10056 Release/Obj/nrf_log_backend_rtt.o
[...]
Memory Configuration

Name             Origin             Length             Attributes
UNPLACED_SECTIONS 0x0000000100000000 0x0000000000000000 xw
RAM              0x0000000020000000 0x0000000000040000 xw
FLASH            0x0000000000000000 0x0000000000100000 xw
*default*        0x0000000000000000 0xffffffffffffffff

Linker script and memory map

                0x000000000000519c                __vfprintf = __vfprintf_long
                0x0000000000000000                __vfscanf = __vfscanf_long
                0x0000000020000000                __RAM_segment_start__ = 0x20000000
                0x0000000020040000                __RAM_segment_end__ = 0x20040000
                0x0000000000040000                __RAM_segment_size__ = 0x40000
                0x0000000000000000                __FLASH_segment_start__ = 0x0
                0x0000000000100000                __FLASH_segment_end__ = 0x100000
                0x0000000000100000                __FLASH_segment_size__ = 0x100000
                0x0000000000002000                __HEAPSIZE__ = 0x2000
                0x0000000000000000                __STACKSIZE_PROCESS__ = 0x0
                0x0000000000002000                __STACKSIZE__ = 0x2000
                0x0000000020000000                __vectors_ram_load_start__ = 0x20000000

.vectors_ram    0x0000000020000000        0x0
                0x0000000020000000                __vectors_ram_start__ = .
                0x0000000020000000                __app_ram_start__ = __vectors_ram_start__
 *(.vectors_ram .vectors_ram.*)
                0x0000000020000000                __vectors_ram_end__ = (__vectors_ram_start__ + SIZEOF (.vectors_ram))
                0x0000000000000000                __vectors_ram_size__ = SIZEOF (.vectors_ram)
                0x0000000020000000                __vectors_ram_load_end__ = __vectors_ram_end__
                0x0000000000000001                . = ASSERT (((__vectors_ram_start__ == __vectors_ram_end__) || ((__vectors_ram_end__ - __RAM_segment_start__) <= __RAM_segment_size__)), error: .vectors_ram is too large to fit in RAM memory segment)
                0x0000000020000000                __nrf_sections_run_load_start__ = ALIGN (__vectors_ram_end__, 0x4)

.nrf_sections_run
                0x0000000020000000        0x0
                0x0000000020000000                __nrf_sections_run_start__ = .
                0x0000000020000000                __start_nrf_sections_run = __nrf_sections_run_start__
 *(.nrf_sections_run .nrf_sections_run.*)
                0x0000000020000000                __nrf_sections_run_end__ = (__nrf_sections_run_start__ + SIZEOF (.nrf_sections_run))
                0x0000000000000000                __nrf_sections_run_size__ = SIZEOF (.nrf_sections_run)
                0x0000000020000000                __nrf_sections_run_load_end__ = __nrf_sections_run_end__
                0x0000000000000001                . = ASSERT (((__nrf_sections_run_start__ == __nrf_sections_run_end__) || ((__nrf_sections_run_end__ - __RAM_segment_start__) <= __RAM_segment_size__)), error: .nrf_sections_run is too large to fit in RAM memory segment)
                0x0000000000000000                __vectors_load_start__ = 0x0

.vectors        0x0000000000000000      0x200
                0x0000000000000000                __vectors_start__ = .
 *(.vectors .vectors.*)
 .vectors       0x0000000000000000      0x200 Output/fatfs_pca10056 Release/Obj/ses_startup_nrf52840.o
                0x0000000000000000                _vectors
                0x0000000000000200                __vectors_end__ = (__vectors_start__ + SIZEOF (.vectors))
                0x0000000000000200                __vectors_size__ = SIZEOF (.vectors)
                0x0000000000000200                __vectors_load_end__ = __vectors_end__
                0x0000000000000001                . = ASSERT (((__vectors_start__ == __vectors_end__) || ((__vectors_end__ - __FLASH_segment_start__) <= __FLASH_segment_size__)), error: .vectors is too large to fit in FLASH memory segment)
                0x0000000000000200                __init_load_start__ = ALIGN (__vectors_end__, 0x4)

.init           0x0000000000000200      0x1d0
                0x0000000000000200                __init_start__ = .
 *(.init .init.*)
 .init          0x0000000000000200      0x15c Output/fatfs_pca10056 Release/Obj/thumb_crt0.o
                0x0000000000000200                _start
                0x00000000000002b4                exit
 .init          0x000000000000035c       0x18 Output/fatfs_pca10056 Release/Obj/ses_startup_nrf52840.o
                0x000000000000035c                NMI_Handler
                0x000000000000035e                HardFault_Handler
                0x0000000000000360                MemoryManagement_Handler
                0x0000000000000362                BusFault_Handler
                0x0000000000000364                UsageFault_Handler
                0x0000000000000366                SVC_Handler
                0x0000000000000368                DebugMon_Handler
                0x000000000000036a                PendSV_Handler
                0x000000000000036c                SysTick_Handler
                0x000000000000036e                PWM1_IRQHandler
                0x000000000000036e                GPIOTE_IRQHandler
                0x000000000000036e                RTC0_IRQHandler
                0x000000000000036e                POWER_CLOCK_IRQHandler
                0x000000000000036e                RADIO_IRQHandler
                0x000000000000036e                PDM_IRQHandler
                0x000000000000036e                TEMP_IRQHandler
                0x000000000000036e                QDEC_IRQHandler
                0x000000000000036e                TIMER3_IRQHandler
                0x000000000000036e                PWM3_IRQHandler
                0x000000000000036e                FPU_IRQHandler
                0x000000000000036e                USBD_IRQHandler
                0x000000000000036e                QSPI_IRQHandler
                0x000000000000036e                TIMER4_IRQHandler
                0x000000000000036e                CRYPTOCELL_IRQHandler
                0x000000000000036e                SWI2_EGU2_IRQHandler
                0x000000000000036e                SWI4_EGU4_IRQHandler
                0x000000000000036e                TIMER0_IRQHandler
                0x000000000000036e                UARTE1_IRQHandler
                0x000000000000036e                Dummy_Handler
                0x000000000000036e                TIMER1_IRQHandler
                0x000000000000036e                SPIM3_IRQHandler
                0x000000000000036e                PWM2_IRQHandler
                0x000000000000036e                ECB_IRQHandler
                0x000000000000036e                SPIM1_SPIS1_TWIM1_TWIS1_SPI1_TWI1_IRQHandler
                0x000000000000036e                SAADC_IRQHandler
                0x000000000000036e                CCM_AAR_IRQHandler
                0x000000000000036e                WDT_IRQHandler
                0x000000000000036e                SWI0_EGU0_IRQHandler
                0x000000000000036e                SWI5_EGU5_IRQHandler
                0x000000000000036e                RNG_IRQHandler
                0x000000000000036e                RTC2_IRQHandler
                0x000000000000036e                PWM0_IRQHandler
                0x000000000000036e                SWI3_EGU3_IRQHandler
                0x000000000000036e                RTC1_IRQHandler
                0x000000000000036e                SWI1_EGU1_IRQHandler
                0x000000000000036e                SPIM2_SPIS2_SPI2_IRQHandler
                0x000000000000036e                NFCT_IRQHandler
                0x000000000000036e                I2S_IRQHandler
                0x000000000000036e                MWU_IRQHandler
                0x000000000000036e                TIMER2_IRQHandler
                0x000000000000036e                COMP_LPCOMP_IRQHandler
                0x0000000000000370                nRFInitialize
 .init          0x0000000000000374       0x5c Output/fatfs_pca10056 Release/Obj/ses_startup_nrf_common.o
                0x0000000000000374                Reset_Handler
                0x0000000000000378                afterInitialize
                0x000000000000039c                InitializeUserMemorySections
                0x00000000000003d0                __init_end__ = (__init_start__ + SIZEOF (.init))
                0x00000000000001d0                __init_size__ = SIZEOF (.init)
                0x00000000000003d0                __init_load_end__ = __init_end__
                0x0000000000000001                . = ASSERT (((__init_start__ == __init_end__) || ((__init_end__ - __FLASH_segment_start__) <= __FLASH_segment_size__)), error: .init is too large to fit in FLASH memory segment)
                0x00000000000003d0                __init_rodata_load_start__ = ALIGN (__init_end__, 0x4)

.init_rodata    0x00000000000003d0        0x0
                0x00000000000003d0                __init_rodata_start__ = .
 *(.init_rodata .init_rodata.*)
                0x00000000000003d0                __init_rodata_end__ = (__init_rodata_start__ + SIZEOF (.init_rodata))
                0x0000000000000000                __init_rodata_size__ = SIZEOF (.init_rodata)
                0x00000000000003d0                __init_rodata_load_end__ = __init_rodata_end__
                0x0000000000000001                . = ASSERT (((__init_rodata_start__ == __init_rodata_end__) || ((__init_rodata_end__ - __FLASH_segment_start__) <= __FLASH_segment_size__)), error: .init_rodata is too large to fit in FLASH memory segment)
                0x00000000000003d0                __text_load_start__ = ALIGN (__init_rodata_end__, 0x4)

.text           0x00000000000003d0     0x5400
                0x00000000000003d0                __text_start__ = .
 *(.text .text.* .glue_7t .glue_7 .gnu.linkonce.t.* .gcc_except_table .ARM.extab* .gnu.linkonce.armextab.*)
 .glue_7        0x00000000000003d0        0x0 linker stubs
 .glue_7t       0x00000000000003d0        0x0 linker stubs
 .text.nrf_log_backend_serial_put
                0x00000000000003d0       0xc2 Output/fatfs_pca10056 Release/Obj/nrf_log_backend_serial.o
                0x00000000000003d0                nrf_log_backend_serial_put
 .text.nrf_log_backend_uart_flush
                0x0000000000000492        0x2 Output/fatfs_pca10056 Release/Obj/nrf_log_backend_uart.o
 .text.nrf_log_backend_uart_put
                0x0000000000000494       0x1c Output/fatfs_pca10056 Release/Obj/nrf_log_backend_uart.o
 .text.uart_init.constprop.0
                0x00000000000004b0       0x50 Output/fatfs_pca10056 Release/Obj/nrf_log_backend_uart.o
 .text.serial_tx
                0x0000000000000500       0x48 Output/fatfs_pca10056 Release/Obj/nrf_log_backend_uart.o
 .text.nrf_log_backend_uart_panic_set
                0x0000000000000548       0x2c Output/fatfs_pca10056 Release/Obj/nrf_log_backend_uart.o
 .text.nrf_log_backend_uart_init
                0x0000000000000574        0x4 Output/fatfs_pca10056 Release/Obj/nrf_log_backend_uart.o
                0x0000000000000574                nrf_log_backend_uart_init
 .text.nrf_log_default_backends_init
                0x0000000000000578       0x20 Output/fatfs_pca10056 Release/Obj/nrf_log_default_backends.o
                0x0000000000000578                nrf_log_default_backends_init
 .text.invalid_packets_omit
                0x0000000000000598       0x3a Output/fatfs_pca10056 Release/Obj/nrf_log_frontend.o
 *fill*         0x00000000000005d2        0x2 
 .text.buf_prealloc
                0x00000000000005d4      0x130 Output/fatfs_pca10056 Release/Obj/nrf_log_frontend.o
 .text.nrf_log_init
                0x0000000000000704       0x3c Output/fatfs_pca10056 Release/Obj/nrf_log_frontend.o
                0x0000000000000704                nrf_log_init
 .text.nrf_log_module_name_get
                0x0000000000000740       0x38 Output/fatfs_pca10056 Release/Obj/nrf_log_frontend.o
                0x0000000000000740                nrf_log_module_name_get
 .text.nrf_log_color_id_get
                0x0000000000000778       0x2c Output/fatfs_pca10056 Release/Obj/nrf_log_frontend.o
                0x0000000000000778                nrf_log_color_id_get
 .text.buffer_is_empty
                0x00000000000007a4       0x14 Output/fatfs_pca10056 Release/Obj/nrf_log_frontend.o
                0x00000000000007a4                buffer_is_empty
 .text.nrf_log_frontend_dequeue
                0x00000000000007b8      0x218 Output/fatfs_pca10056 Release/Obj/nrf_log_frontend.o
                0x00000000000007b8                nrf_log_frontend_dequeue
 .text.std_n    0x00000000000009d0       0x98 Output/fatfs_pca10056 Release/Obj/nrf_log_frontend.o
 .text.nrf_log_frontend_std_0
                0x0000000000000a68        0x8 Output/fatfs_pca10056 Release/Obj/nrf_log_frontend.o
                0x0000000000000a68                nrf_log_frontend_std_0
 .text.nrf_log_backend_add
                0x0000000000000a70       0x44 Output/fatfs_pca10056 Release/Obj/nrf_log_frontend.o
                0x0000000000000a70                nrf_log_backend_add
 .text.nrf_log_panic
                0x0000000000000ab4       0x2c Output/fatfs_pca10056 Release/Obj/nrf_log_frontend.o
                0x0000000000000ab4                nrf_log_panic
 .text.postfix_process
                0x0000000000000ae0       0x44 Output/fatfs_pca10056 Release/Obj/nrf_log_str_formatter.o
 .text.prefix_process
                0x0000000000000b24       0x7c Output/fatfs_pca10056 Release/Obj/nrf_log_str_formatter.o
 .text.nrf_log_std_entry_process
                0x0000000000000ba0       0xc8 Output/fatfs_pca10056 Release/Obj/nrf_log_str_formatter.o
                0x0000000000000ba0                nrf_log_std_entry_process
 .text.nrf_log_hexdump_entry_process
                0x0000000000000c68       0xb8 Output/fatfs_pca10056 Release/Obj/nrf_log_str_formatter.o
                0x0000000000000c68                nrf_log_hexdump_entry_process
 .text.bsp_board_led_off
                0x0000000000000d20       0x28 Output/fatfs_pca10056 Release/Obj/boards.o
                0x0000000000000d20                bsp_board_led_off
 .text.bsp_board_leds_off
                0x0000000000000d48       0x1e Output/fatfs_pca10056 Release/Obj/boards.o
                0x0000000000000d48                bsp_board_leds_off
 .text.bsp_board_init
                0x0000000000000d66       0x3e Output/fatfs_pca10056 Release/Obj/boards.o
                0x0000000000000d66                bsp_board_init
 .text.app_error_handler_bare
                0x0000000000000da4       0x1a Output/fatfs_pca10056 Release/Obj/app_error.o
                0x0000000000000da4                app_error_handler_bare
 *fill*         0x0000000000000dbe        0x2 
 .text.app_error_fault_handler
                0x0000000000000dc0       0x70 Output/fatfs_pca10056 Release/Obj/app_error_weak.o
                0x0000000000000dc0                app_error_fault_handler
 .text.nrf_gpio_pin_set
                0x0000000000000e30       0x20 Output/fatfs_pca10056 Release/Obj/app_sdcard.o
 .text.sdc_spi_transfer
                0x0000000000000e50       0x48 Output/fatfs_pca10056 Release/Obj/app_sdcard.o
 .text.sdc_cmd  0x0000000000000e98       0xa0 Output/fatfs_pca10056 Release/Obj/app_sdcard.o
 .text.sdc_pt_sub_data_read
                0x0000000000000f38      0x160 Output/fatfs_pca10056 Release/Obj/app_sdcard.o
 .text.app_sdc_block_read
                0x0000000000001098       0x60 Output/fatfs_pca10056 Release/Obj/app_sdcard.o
                0x0000000000001098                app_sdc_block_read
 .text.app_sdc_block_write
                0x00000000000010f8       0x68 Output/fatfs_pca10056 Release/Obj/app_sdcard.o
                0x00000000000010f8                app_sdc_block_write
 .text.app_sdc_init
                0x0000000000001160       0xf4 Output/fatfs_pca10056 Release/Obj/app_sdcard.o
                0x0000000000001160                app_sdc_init
 .text.app_sdc_uninit
                0x0000000000001254       0x54 Output/fatfs_pca10056 Release/Obj/app_sdcard.o
                0x0000000000001254                app_sdc_uninit
 .text.spi_handler
                0x00000000000012a8      0x6a0 Output/fatfs_pca10056 Release/Obj/app_sdcard.o
 .text.app_sdc_busy_check
                0x0000000000001948       0x20 Output/fatfs_pca10056 Release/Obj/app_sdcard.o
                0x0000000000001948                app_sdc_busy_check
 .text.app_sdc_info_get
                0x0000000000001968       0x18 Output/fatfs_pca10056 Release/Obj/app_sdcard.o
                0x0000000000001968                app_sdc_info_get
 .text.app_util_disable_irq
                0x0000000000001980       0x10 Output/fatfs_pca10056 Release/Obj/app_util_platform.o
                0x0000000000001980                app_util_disable_irq
 .text.app_util_enable_irq
                0x0000000000001990       0x14 Output/fatfs_pca10056 Release/Obj/app_util_platform.o
                0x0000000000001990                app_util_enable_irq
 .text.app_util_critical_region_enter
                0x00000000000019a4        0x4 Output/fatfs_pca10056 Release/Obj/app_util_platform.o
                0x00000000000019a4                app_util_critical_region_enter
 .text.app_util_critical_region_exit
                0x00000000000019a8        0x4 Output/fatfs_pca10056 Release/Obj/app_util_platform.o
                0x00000000000019a8                app_util_critical_region_exit
 .text.nrf_atomic_u32_fetch_store
                0x00000000000019ac       0x16 Output/fatfs_pca10056 Release/Obj/nrf_atomic.o
                0x00000000000019ac                nrf_atomic_u32_fetch_store
 .text.nrf_atomic_u32_or
                0x00000000000019c2       0x18 Output/fatfs_pca10056 Release/Obj/nrf_atomic.o
                0x00000000000019c2                nrf_atomic_u32_or
 .text.nrf_atomic_u32_fetch_and
                0x00000000000019da       0x18 Output/fatfs_pca10056 Release/Obj/nrf_atomic.o
                0x00000000000019da                nrf_atomic_u32_fetch_and
 .text.nrf_atomic_u32_add
                0x00000000000019f2       0x18 Output/fatfs_pca10056 Release/Obj/nrf_atomic.o
                0x00000000000019f2                nrf_atomic_u32_add
 .text.nrf_atomic_u32_sub
                0x0000000000001a0a       0x18 Output/fatfs_pca10056 Release/Obj/nrf_atomic.o
                0x0000000000001a0a                nrf_atomic_u32_sub
 .text.nrf_atomic_flag_set
                0x0000000000001a22        0x6 Output/fatfs_pca10056 Release/Obj/nrf_atomic.o
                0x0000000000001a22                nrf_atomic_flag_set
 .text.nrf_atomic_flag_clear_fetch
                0x0000000000001a28        0x6 Output/fatfs_pca10056 Release/Obj/nrf_atomic.o
                0x0000000000001a28                nrf_atomic_flag_clear_fetch
 .text.nrf_balloc_init
                0x0000000000001a2e       0x2e Output/fatfs_pca10056 Release/Obj/nrf_balloc.o
                0x0000000000001a2e                nrf_balloc_init
 .text.nrf_balloc_alloc
                0x0000000000001a5c       0x40 Output/fatfs_pca10056 Release/Obj/nrf_balloc.o
                0x0000000000001a5c                nrf_balloc_alloc
 .text.nrf_balloc_free
                0x0000000000001a9c       0x2a Output/fatfs_pca10056 Release/Obj/nrf_balloc.o
                0x0000000000001a9c                nrf_balloc_free
 .text.block_dev_sdc_ioctl
                0x0000000000001ac6       0x1e Output/fatfs_pca10056 Release/Obj/nrf_block_dev_sdc.o
 .text.block_dev_sdc_geometry
                0x0000000000001ae4        0x4 Output/fatfs_pca10056 Release/Obj/nrf_block_dev_sdc.o
 .text.sdc_wait
                0x0000000000001ae8        0xc Output/fatfs_pca10056 Release/Obj/nrf_block_dev_sdc.o
 .text.block_dev_sdc_write_req
                0x0000000000001af4       0x78 Output/fatfs_pca10056 Release/Obj/nrf_block_dev_sdc.o
 .text.block_dev_sdc_read_req
                0x0000000000001b6c       0x78 Output/fatfs_pca10056 Release/Obj/nrf_block_dev_sdc.o
 .text.block_dev_sdc_uninit
                0x0000000000001be4       0x54 Output/fatfs_pca10056 Release/Obj/nrf_block_dev_sdc.o
 .text.block_dev_sdc_init
                0x0000000000001c38       0x7c Output/fatfs_pca10056 Release/Obj/nrf_block_dev_sdc.o
 .text.sdc_handler
                0x0000000000001cb4       0xa4 Output/fatfs_pca10056 Release/Obj/nrf_block_dev_sdc.o
 .text.nrf_fprintf_buffer_flush
                0x0000000000001d58       0x16 Output/fatfs_pca10056 Release/Obj/nrf_fprintf.o
                0x0000000000001d58                nrf_fprintf_buffer_flush
 .text.nrf_fprintf
                0x0000000000001d6e       0x1c Output/fatfs_pca10056 Release/Obj/nrf_fprintf.o
                0x0000000000001d6e                nrf_fprintf
 .text.buffer_add
                0x0000000000001d8a       0x2e Output/fatfs_pca10056 Release/Obj/nrf_fprintf_format.o
 .text.unsigned_print
                0x0000000000001db8       0xb4 Output/fatfs_pca10056 Release/Obj/nrf_fprintf_format.o
 .text.nrf_fprintf_fmt
                0x0000000000001e6c      0x29c Output/fatfs_pca10056 Release/Obj/nrf_fprintf_format.o
                0x0000000000001e6c                nrf_fprintf_fmt
 .text.memobj_op
                0x0000000000002108       0x86 Output/fatfs_pca10056 Release/Obj/nrf_memobj.o
 .text.nrf_memobj_pool_init
                0x000000000000218e        0x4 Output/fatfs_pca10056 Release/Obj/nrf_memobj.o
                0x000000000000218e                nrf_memobj_pool_init
 .text.nrf_memobj_free
                0x0000000000002192       0x2c Output/fatfs_pca10056 Release/Obj/nrf_memobj.o
                0x0000000000002192                nrf_memobj_free
 .text.nrf_memobj_alloc
                0x00000000000021be       0x5e Output/fatfs_pca10056 Release/Obj/nrf_memobj.o
                0x00000000000021be                nrf_memobj_alloc
 .text.nrf_memobj_get
                0x000000000000221c        0x8 Output/fatfs_pca10056 Release/Obj/nrf_memobj.o
                0x000000000000221c                nrf_memobj_get
 .text.nrf_memobj_put
                0x0000000000002224       0x1e Output/fatfs_pca10056 Release/Obj/nrf_memobj.o
                0x0000000000002224                nrf_memobj_put
 .text.nrf_memobj_write
                0x0000000000002242       0x14 Output/fatfs_pca10056 Release/Obj/nrf_memobj.o
                0x0000000000002242                nrf_memobj_write
 .text.nrf_memobj_read
                0x0000000000002256       0x14 Output/fatfs_pca10056 Release/Obj/nrf_memobj.o
                0x0000000000002256                nrf_memobj_read
 .text.nrf_ringbuf_init
                0x000000000000226a       0x12 Output/fatfs_pca10056 Release/Obj/nrf_ringbuf.o
                0x000000000000226a                nrf_ringbuf_init
 .text.spim_evt_handler
                0x000000000000227c       0x3c Output/fatfs_pca10056 Release/Obj/nrf_drv_spi.o
 .text.nrf_drv_spi_init
                0x00000000000022b8       0x64 Output/fatfs_pca10056 Release/Obj/nrf_drv_spi.o
                0x00000000000022b8                nrf_drv_spi_init
 .text.uarte_evt_handler
                0x000000000000231c       0x34 Output/fatfs_pca10056 Release/Obj/nrf_drv_uart.o
 .text.uart_evt_handler
                0x0000000000002350       0x34 Output/fatfs_pca10056 Release/Obj/nrf_drv_uart.o
 .text.nrf_drv_uart_init
                0x0000000000002384       0x7c Output/fatfs_pca10056 Release/Obj/nrf_drv_uart.o
                0x0000000000002384                nrf_drv_uart_init
 .text.UARTE0_UART0_IRQHandler
                0x0000000000002400        0xc Output/fatfs_pca10056 Release/Obj/nrfx_prs.o
                0x0000000000002400                UARTE0_UART0_IRQHandler
 .text.nrfx_prs_acquire
                0x000000000000240c       0x38 Output/fatfs_pca10056 Release/Obj/nrfx_prs.o
                0x000000000000240c                nrfx_prs_acquire
 .text.nrfx_prs_release
                0x0000000000002444       0x18 Output/fatfs_pca10056 Release/Obj/nrfx_prs.o
                0x0000000000002444                nrfx_prs_release
 .text.nrf_gpio_pin_set
                0x000000000000245c       0x20 Output/fatfs_pca10056 Release/Obj/nrfx_spim.o
 .text.nrf_gpio_pin_clear
                0x000000000000247c       0x20 Output/fatfs_pca10056 Release/Obj/nrfx_spim.o
 .text.SPIM0_SPIS0_TWIM0_TWIS0_SPI0_TWI0_IRQHandler
                0x000000000000249c       0x58 Output/fatfs_pca10056 Release/Obj/nrfx_spim.o
                0x000000000000249c                SPIM0_SPIS0_TWIM0_TWIS0_SPI0_TWI0_IRQHandler
 .text.nrfx_spim_init
                0x00000000000024f4      0x1e8 Output/fatfs_pca10056 Release/Obj/nrfx_spim.o
                0x00000000000024f4                nrfx_spim_init
 .text.nrfx_spim_uninit
                0x00000000000026dc       0x94 Output/fatfs_pca10056 Release/Obj/nrfx_spim.o
                0x00000000000026dc                nrfx_spim_uninit
 .text.nrfx_spim_xfer
                0x0000000000002770      0x114 Output/fatfs_pca10056 Release/Obj/nrfx_spim.o
                0x0000000000002770                nrfx_spim_xfer
 .text.nrf_uart_event_clear
                0x0000000000002884       0x10 Output/fatfs_pca10056 Release/Obj/nrfx_uart.o
 .text.tx_byte  0x0000000000002894       0x1e Output/fatfs_pca10056 Release/Obj/nrfx_uart.o
 .text.rx_byte  0x00000000000028b2       0x2c Output/fatfs_pca10056 Release/Obj/nrfx_uart.o
 *fill*         0x00000000000028de        0x2 
 .text.rx_done_event.constprop.0
                0x00000000000028e0       0x20 Output/fatfs_pca10056 Release/Obj/nrfx_uart.o
 .text.nrfx_uart_0_irq_handler
                0x0000000000002900      0x13c Output/fatfs_pca10056 Release/Obj/nrfx_uart.o
                0x0000000000002900                nrfx_uart_0_irq_handler
 .text.nrf_gpio_cfg_default
                0x0000000000002a3c       0x20 Output/fatfs_pca10056 Release/Obj/nrfx_uart.o
 .text.nrfx_uart_init
                0x0000000000002a5c      0x1ac Output/fatfs_pca10056 Release/Obj/nrfx_uart.o
                0x0000000000002a5c                nrfx_uart_init
 .text.nrfx_uart_uninit
                0x0000000000002c08       0xa8 Output/fatfs_pca10056 Release/Obj/nrfx_uart.o
                0x0000000000002c08                nrfx_uart_uninit
 .text.nrfx_uart_tx
                0x0000000000002cb0       0x8c Output/fatfs_pca10056 Release/Obj/nrfx_uart.o
                0x0000000000002cb0                nrfx_uart_tx
 .text.nrf_uarte_event_clear
                0x0000000000002d3c       0x10 Output/fatfs_pca10056 Release/Obj/nrfx_uarte.o
 .text.rx_done_event.constprop.0
                0x0000000000002d4c       0x20 Output/fatfs_pca10056 Release/Obj/nrfx_uarte.o
 .text.nrf_gpio_cfg_default
                0x0000000000002d6c       0x20 Output/fatfs_pca10056 Release/Obj/nrfx_uarte.o
 .text.nrfx_uarte_0_irq_handler
                0x0000000000002d8c      0x118 Output/fatfs_pca10056 Release/Obj/nrfx_uarte.o
                0x0000000000002d8c                nrfx_uarte_0_irq_handler
 .text.nrfx_uarte_init
                0x0000000000002ea4      0x1c8 Output/fatfs_pca10056 Release/Obj/nrfx_uarte.o
                0x0000000000002ea4                nrfx_uarte_init
 .text.nrfx_uarte_uninit
                0x000000000000306c       0xcc Output/fatfs_pca10056 Release/Obj/nrfx_uarte.o
                0x000000000000306c                nrfx_uarte_uninit
 .text.nrfx_uarte_tx
                0x0000000000003138       0x90 Output/fatfs_pca10056 Release/Obj/nrfx_uarte.o
                0x0000000000003138                nrfx_uarte_tx
 .text.nrfx_coredep_delay_us.part.0
                0x00000000000031c8       0x10 Output/fatfs_pca10056 Release/Obj/main.o
 .text.nrf_delay_ms.part.0
                0x00000000000031d8       0x12 Output/fatfs_pca10056 Release/Obj/main.o
 *fill*         0x00000000000031ea        0x2 
 .text.nrf_gpio_pin_set
                0x00000000000031ec       0x20 Output/fatfs_pca10056 Release/Obj/main.o
 .text.nrf_gpio_pin_clear
                0x000000000000320c       0x20 Output/fatfs_pca10056 Release/Obj/main.o
 .text.digitalRead
                0x000000000000322c       0x20 Output/fatfs_pca10056 Release/Obj/main.o
                0x000000000000322c                digitalRead
 .text.board_init
                0x000000000000324c       0x30 Output/fatfs_pca10056 Release/Obj/main.o
                0x000000000000324c                board_init
 .text.readSDIOData
                0x000000000000327c      0x3d8 Output/fatfs_pca10056 Release/Obj/main.o
                0x000000000000327c                readSDIOData
 .text.startup.main
                0x0000000000003654      0x1bc Output/fatfs_pca10056 Release/Obj/main.o
                0x0000000000003654                main
 .text._GetAvailWriteSpace
                0x0000000000003810       0x1c Output/fatfs_pca10056 Release/Obj/SEGGER_RTT.o
 .text._WriteNoCheck
                0x000000000000382c       0x38 Output/fatfs_pca10056 Release/Obj/SEGGER_RTT.o
 .text._WriteBlocking
                0x0000000000003864       0x52 Output/fatfs_pca10056 Release/Obj/SEGGER_RTT.o
 *fill*         0x00000000000038b6        0x2 
 .text._DoInit  0x00000000000038b8       0x60 Output/fatfs_pca10056 Release/Obj/SEGGER_RTT.o
 .text.SEGGER_RTT_WriteNoLock
                0x0000000000003918       0x68 Output/fatfs_pca10056 Release/Obj/SEGGER_RTT.o
                0x0000000000003918                SEGGER_RTT_WriteNoLock
 .text.SEGGER_RTT_Write
                0x0000000000003980       0x34 Output/fatfs_pca10056 Release/Obj/SEGGER_RTT.o
                0x0000000000003980                SEGGER_RTT_Write
 .text.printf   0x00000000000039b4       0x44 Output/fatfs_pca10056 Release/Obj/SEGGER_RTT_Syscalls_SES.o
                0x00000000000039b4                printf
 .text.block_dev_handler
                0x00000000000039f8       0x20 Output/fatfs_pca10056 Release/Obj/diskio_blkdev.o
 .text.default_wait_func
                0x0000000000003a18        0x4 Output/fatfs_pca10056 Release/Obj/diskio_blkdev.o
 .text.disk_initialize
                0x0000000000003a1c       0x78 Output/fatfs_pca10056 Release/Obj/diskio_blkdev.o
                0x0000000000003a1c                disk_initialize
 .text.disk_status
                0x0000000000003a94       0x28 Output/fatfs_pca10056 Release/Obj/diskio_blkdev.o
                0x0000000000003a94                disk_status
 .text.disk_read
                0x0000000000003abc       0x80 Output/fatfs_pca10056 Release/Obj/diskio_blkdev.o
                0x0000000000003abc                disk_read
 .text.disk_write
                0x0000000000003b3c       0x8c Output/fatfs_pca10056 Release/Obj/diskio_blkdev.o
                0x0000000000003b3c                disk_write
 .text.disk_ioctl
                0x0000000000003bc8       0x98 Output/fatfs_pca10056 Release/Obj/diskio_blkdev.o
                0x0000000000003bc8                disk_ioctl
 .text.diskio_blockdev_register
                0x0000000000003c60       0x14 Output/fatfs_pca10056 Release/Obj/diskio_blkdev.o
                0x0000000000003c60                diskio_blockdev_register
 .text.ld_dword
                0x0000000000003c74       0x10 Output/fatfs_pca10056 Release/Obj/ff.o
 .text.st_dword
                0x0000000000003c84       0x10 Output/fatfs_pca10056 Release/Obj/ff.o
 .text.mem_set  0x0000000000003c94        0xc Output/fatfs_pca10056 Release/Obj/ff.o
 .text.clust2sect
                0x0000000000003ca0       0x16 Output/fatfs_pca10056 Release/Obj/ff.o
 .text.get_ldnumber
                0x0000000000003cb6       0x30 Output/fatfs_pca10056 Release/Obj/ff.o
 .text.validate
                0x0000000000003ce6       0x34 Output/fatfs_pca10056 Release/Obj/ff.o
 .text.mem_cpy.part.0
                0x0000000000003d1a       0x12 Output/fatfs_pca10056 Release/Obj/ff.o
 .text.ld_clust.isra.0
                0x0000000000003d2c       0x1c Output/fatfs_pca10056 Release/Obj/ff.o
 .text.st_clust.isra.0
                0x0000000000003d48       0x18 Output/fatfs_pca10056 Release/Obj/ff.o
 .text.get_fileinfo.part.0
                0x0000000000003d60       0x56 Output/fatfs_pca10056 Release/Obj/ff.o
 .text.sync_window.part.0
                0x0000000000003db6       0x4c Output/fatfs_pca10056 Release/Obj/ff.o
 .text.sync_window
                0x0000000000003e02        0xc Output/fatfs_pca10056 Release/Obj/ff.o
 .text.move_window
                0x0000000000003e0e       0x32 Output/fatfs_pca10056 Release/Obj/ff.o
 .text.check_fs
                0x0000000000003e40       0x7c Output/fatfs_pca10056 Release/Obj/ff.o
 .text.find_volume
                0x0000000000003ebc      0x2b4 Output/fatfs_pca10056 Release/Obj/ff.o
 .text.put_fat  0x0000000000004170       0xfa Output/fatfs_pca10056 Release/Obj/ff.o
 .text.get_fat.isra.0
                0x000000000000426a       0xb4 Output/fatfs_pca10056 Release/Obj/ff.o
 .text.create_chain
                0x000000000000431e       0xb0 Output/fatfs_pca10056 Release/Obj/ff.o
 .text.remove_chain
                0x00000000000043ce       0x70 Output/fatfs_pca10056 Release/Obj/ff.o
 .text.sync_fs  0x000000000000443e       0x96 Output/fatfs_pca10056 Release/Obj/ff.o
 .text.dir_sdi.constprop.0
                0x00000000000044d4       0x64 Output/fatfs_pca10056 Release/Obj/ff.o
 .text.dir_next
                0x0000000000004538       0xea Output/fatfs_pca10056 Release/Obj/ff.o
 *fill*         0x0000000000004622        0x2 
 .text.follow_path
                0x0000000000004624      0x1b0 Output/fatfs_pca10056 Release/Obj/ff.o
 .text.dir_read.constprop.0
                0x00000000000047d4       0x54 Output/fatfs_pca10056 Release/Obj/ff.o
 .text.dir_register
                0x0000000000004828       0x62 Output/fatfs_pca10056 Release/Obj/ff.o
 *fill*         0x000000000000488a        0x2 
 .text.f_mount  0x000000000000488c       0x4c Output/fatfs_pca10056 Release/Obj/ff.o
                0x000000000000488c                f_mount
 .text.f_open   0x00000000000048d8      0x1c2 Output/fatfs_pca10056 Release/Obj/ff.o
                0x00000000000048d8                f_open
 .text.f_write  0x0000000000004a9a      0x182 Output/fatfs_pca10056 Release/Obj/ff.o
                0x0000000000004a9a                f_write
 .text.f_sync   0x0000000000004c1c       0x8e Output/fatfs_pca10056 Release/Obj/ff.o
                0x0000000000004c1c                f_sync
 .text.f_close  0x0000000000004caa       0x1a Output/fatfs_pca10056 Release/Obj/ff.o
                0x0000000000004caa                f_close
 .text.f_opendir
                0x0000000000004cc4       0x66 Output/fatfs_pca10056 Release/Obj/ff.o
                0x0000000000004cc4                f_opendir
 .text.f_readdir
                0x0000000000004d2a       0x42 Output/fatfs_pca10056 Release/Obj/ff.o
                0x0000000000004d2a                f_readdir
 .text.errata_98
                0x0000000000004d6c       0x20 Output/fatfs_pca10056 Release/Obj/system_nrf52840.o
 .text.SystemInit
                0x0000000000004d8c      0x1b8 Output/fatfs_pca10056 Release/Obj/system_nrf52840.o
                0x0000000000004d8c                SystemInit
 .text.libc.__RAL_ascii_isctype
                0x0000000000004f44       0x1c C:/Program Files/SEGGER/SEGGER Embedded Studio for ARM 4.52c/lib/libc_v7em_fpv4_sp_d16_hard_t_le_eabi.a(libc2.o)
 .text.libc.__RAL_ascii_toupper
                0x0000000000004f60        0xc C:/Program Files/SEGGER/SEGGER Embedded Studio for ARM 4.52c/lib/libc_v7em_fpv4_sp_d16_hard_t_le_eabi.a(libc2.o)
 .text.libc.__RAL_ascii_tolower
                0x0000000000004f6c        0xc C:/Program Files/SEGGER/SEGGER Embedded Studio for ARM 4.52c/lib/libc_v7em_fpv4_sp_d16_hard_t_le_eabi.a(libc2.o)
 .text.libc.__RAL_ascii_iswctype
                0x0000000000004f78       0x1c C:/Program Files/SEGGER/SEGGER Embedded Studio for ARM 4.52c/lib/libc_v7em_fpv4_sp_d16_hard_t_le_eabi.a(libc2.o)
 .text.libc.__RAL_ascii_towupper
                0x0000000000004f94        0xc C:/Program Files/SEGGER/SEGGER Embedded Studio for ARM 4.52c/lib/libc_v7em_fpv4_sp_d16_hard_t_le_eabi.a(libc2.o)
 .text.libc.__RAL_ascii_towlower
                0x0000000000004fa0        0xc C:/Program Files/SEGGER/SEGGER Embedded Studio for ARM 4.52c/lib/libc_v7em_fpv4_sp_d16_hard_t_le_eabi.a(libc2.o)
 .text.libc.__RAL_ascii_wctomb
                0x0000000000004fac        0xe C:/Program Files/SEGGER/SEGGER Embedded Studio for ARM 4.52c/lib/libc_v7em_fpv4_sp_d16_hard_t_le_eabi.a(libc2.o)
                0x0000000000004fac                __RAL_ascii_wctomb
 .text.libc.__RAL_ascii_mbtowc
                0x0000000000004fba       0x24 C:/Program Files/SEGGER/SEGGER Embedded Studio for ARM 4.52c/lib/libc_v7em_fpv4_sp_d16_hard_t_le_eabi.a(libc2.o)
                0x0000000000004fba                __RAL_ascii_mbtowc
 .text.libc.__putc
                0x0000000000004fde       0x34 C:/Program Files/SEGGER/SEGGER Embedded Studio for ARM 4.52c/lib/libc_v7em_fpv4_sp_d16_hard_t_le_eabi.a(libc2.o)
                0x0000000000004fde                __putc
 .text.libc.__RAL_print_padding
                0x0000000000005012       0x1c C:/Program Files/SEGGER/SEGGER Embedded Studio for ARM 4.52c/lib/libc_v7em_fpv4_sp_d16_hard_t_le_eabi.a(libc2.o)
                0x0000000000005012                __RAL_print_padding
 .text.libc.__RAL_pre_padding
                0x000000000000502e       0x1a C:/Program Files/SEGGER/SEGGER Embedded Studio for ARM 4.52c/lib/libc_v7em_fpv4_sp_d16_hard_t_le_eabi.a(libc2.o)
                0x000000000000502e                __RAL_pre_padding
 .text.libc.__RAL_isctype
                0x0000000000005048       0x14 C:/Program Files/SEGGER/SEGGER Embedded Studio for ARM 4.52c/lib/libc_v7em_fpv4_sp_d16_hard_t_le_eabi.a(libc2.o)
                0x0000000000005048                __RAL_isctype
 .text.libc.isprint
                0x000000000000505c        0xa C:/Program Files/SEGGER/SEGGER Embedded Studio for ARM 4.52c/lib/libc_v7em_fpv4_sp_d16_hard_t_le_eabi.a(libc2.o)
                0x000000000000505c                isprint
 .text.libc.strnlen
                0x0000000000005066       0x22 C:/Program Files/SEGGER/SEGGER Embedded Studio for ARM 4.52c/lib/libc_v7em_fpv4_sp_d16_hard_t_le_eabi.a(libc2.o)
                0x0000000000005066                strnlen
 .text.libc.vsnprintf
                0x0000000000005088       0x1c C:/Program Files/SEGGER/SEGGER Embedded Studio for ARM 4.52c/lib/libc_v7em_fpv4_sp_d16_hard_t_le_eabi.a(libc2.o)
                0x0000000000005088                vsnprintf
 .text.libc.memcpy
                0x00000000000050a4       0x52 C:/Program Files/SEGGER/SEGGER Embedded Studio for ARM 4.52c/lib/libc_v7em_fpv4_sp_d16_hard_t_le_eabi.a(libc2_asm.o)
                0x00000000000050a4                __aeabi_memcpy
                0x00000000000050a4                memcpy
                0x00000000000050b0                __aeabi_memcpy8
                0x00000000000050b0                __aeabi_memcpy4
 .text.libc.strcpy
                0x00000000000050f6       0x44 C:/Program Files/SEGGER/SEGGER Embedded Studio for ARM 4.52c/lib/libc_v7em_fpv4_sp_d16_hard_t_le_eabi.a(libc2_asm.o)
                0x00000000000050f6                strcpy
 .text.libc.strlen
                0x000000000000513a       0x60 C:/Program Files/SEGGER/SEGGER Embedded Studio for ARM 4.52c/lib/libc_v7em_fpv4_sp_d16_hard_t_le_eabi.a(libc2_asm.o)
                0x000000000000513a                strlen
 *fill*         0x000000000000519a        0x2 
 .text.libc.__vfprintf_long
                0x000000000000519c      0x634 C:/Program Files/SEGGER/SEGGER Embedded Studio for ARM 4.52c/lib/libvfprintf_v7em_fpv4_sp_d16_hard_t_le_eabi.o
                0x000000000000519c                __vfprintf_long
                0x00000000000057d0                __text_end__ = (__text_start__ + SIZEOF (.text))
                0x0000000000005400                __text_size__ = SIZEOF (.text)
                0x00000000000057d0                __text_load_end__ = __text_end__

.vfp11_veneer   0x0000000100000000        0x0
 .vfp11_veneer  0x0000000100000000        0x0 linker stubs

.v4_bx          0x0000000100000000        0x0
 .v4_bx         0x0000000100000000        0x0 linker stubs

.iplt           0x0000000100000000        0x0
 .iplt          0x0000000100000000        0x0 Output/fatfs_pca10056 Release/Obj/thumb_crt0.o
                0x0000000000000001                . = ASSERT (((__text_start__ == __text_end__) || ((__text_end__ - __FLASH_segment_start__) <= __FLASH_segment_size__)), error: .text is too large to fit in FLASH memory segment)
                0x00000000000057d0                __log_const_data_load_start__ = ALIGN (__text_end__, 0x4)

.log_const_data
                0x00000000000057d0       0x28
                0x00000000000057d0                __log_const_data_start__ = .
                0x00000000000057d0                __start_log_const_data = __log_const_data_start__
 *(SORT_BY_NAME(.log_const_data*))
 .log_const_data_PRS
                0x00000000000057d0        0x8 Output/fatfs_pca10056 Release/Obj/nrfx_prs.o
                0x00000000000057d0                m_nrf_log_PRS_logs_data_const
 .log_const_data_SPIM
                0x00000000000057d8        0x8 Output/fatfs_pca10056 Release/Obj/nrfx_spim.o
                0x00000000000057d8                m_nrf_log_SPIM_logs_data_const
 .log_const_data_UART
                0x00000000000057e0        0x8 Output/fatfs_pca10056 Release/Obj/nrfx_uart.o
                0x00000000000057e0                m_nrf_log_UART_logs_data_const
 .log_const_data_UARTE
                0x00000000000057e8        0x8 Output/fatfs_pca10056 Release/Obj/nrfx_uarte.o
                0x00000000000057e8                m_nrf_log_UARTE_logs_data_const
 .log_const_data_app
                0x00000000000057f0        0x8 Output/fatfs_pca10056 Release/Obj/nrf_log_frontend.o
                0x00000000000057f0                m_nrf_log_app_logs_data_const
                0x00000000000057f8                __log_const_data_end__ = (__log_const_data_start__ + SIZEOF (.log_const_data))
                0x0000000000000028                __log_const_data_size__ = SIZEOF (.log_const_data)
                0x00000000000057f8                __stop_log_const_data = __log_const_data_end__
                0x00000000000057f8                __log_const_data_load_end__ = __log_const_data_end__
                0x0000000000000001                . = ASSERT (((__log_const_data_start__ == __log_const_data_end__) || ((__log_const_data_end__ - __FLASH_segment_start__) <= __FLASH_segment_size__)), error: .log_const_data is too large to fit in FLASH memory segment)
                0x00000000000057f8                __log_backends_load_start__ = ALIGN (__log_const_data_end__, 0x4)

.log_backends   0x00000000000057f8       0x10
                0x00000000000057f8                __log_backends_start__ = .
                0x00000000000057f8                __start_log_backends = __log_backends_start__
 *(SORT_BY_NAME(.log_backends*))
 .log_backends  0x00000000000057f8       0x10 Output/fatfs_pca10056 Release/Obj/nrf_log_default_backends.o
                0x0000000000005808                __log_backends_end__ = (__log_backends_start__ + SIZEOF (.log_backends))
                0x0000000000000010                __log_backends_size__ = SIZEOF (.log_backends)
                0x0000000000005808                __stop_log_backends = __log_backends_end__
                0x0000000000005808                __log_backends_load_end__ = __log_backends_end__
                0x0000000000000001                . = ASSERT (((__log_backends_start__ == __log_backends_end__) || ((__log_backends_end__ - __FLASH_segment_start__) <= __FLASH_segment_size__)), error: .log_backends is too large to fit in FLASH memory segment)
                0x0000000000005808                __nrf_balloc_load_start__ = ALIGN (__log_backends_end__, 0x4)

.nrf_balloc     0x0000000000005808       0x14
                0x0000000000005808                __nrf_balloc_start__ = .
                0x0000000000005808                __start_nrf_balloc = __nrf_balloc_start__
 *(.nrf_balloc*)
 .nrf_balloc    0x0000000000005808       0x14 Output/fatfs_pca10056 Release/Obj/nrf_log_frontend.o
                0x0000000000005808                log_mempool
                0x000000000000581c                __nrf_balloc_end__ = (__nrf_balloc_start__ + SIZEOF (.nrf_balloc))
                0x0000000000000014                __nrf_balloc_size__ = SIZEOF (.nrf_balloc)
                0x000000000000581c                __stop_nrf_balloc = __nrf_balloc_end__
                0x000000000000581c                __nrf_balloc_load_end__ = __nrf_balloc_end__
                0x0000000000000001                . = ASSERT (((__nrf_balloc_start__ == __nrf_balloc_end__) || ((__nrf_balloc_end__ - __FLASH_segment_start__) <= __FLASH_segment_size__)), error: .nrf_balloc is too large to fit in FLASH memory segment)
                0x000000000000581c                __nrf_sections_load_start__ = ALIGN (__nrf_balloc_end__, 0x4)

.nrf_sections   0x000000000000581c        0x0
                0x000000000000581c                __nrf_sections_start__ = .
                0x000000000000581c                __start_nrf_sections = __nrf_sections_start__
 *(.nrf_sections .nrf_sections.*)
                0x000000000000581c                __nrf_sections_end__ = (__nrf_sections_start__ + SIZEOF (.nrf_sections))
                0x0000000000000000                __nrf_sections_size__ = SIZEOF (.nrf_sections)
                0x000000000000581c                __nrf_sections_load_end__ = __nrf_sections_end__
                0x0000000000000001                . = ASSERT (((__nrf_sections_start__ == __nrf_sections_end__) || ((__nrf_sections_end__ - __FLASH_segment_start__) <= __FLASH_segment_size__)), error: .nrf_sections is too large to fit in FLASH memory segment)
                0x000000000000581c                __log_dynamic_data_load_start__ = ALIGN (__nrf_sections_end__, 0x4)

.log_dynamic_data
                0x0000000020000000        0x0 load address 0x000000000000581c
                0x0000000020000000                __log_dynamic_data_start__ = .
 *(SORT_BY_NAME(.log_dynamic_data*))
                0x0000000020000000                __log_dynamic_data_end__ = (__log_dynamic_data_start__ + SIZEOF (.log_dynamic_data))
                0x0000000000000000                __log_dynamic_data_size__ = SIZEOF (.log_dynamic_data)
                0x000000000000581c                __log_dynamic_data_load_end__ = (__log_dynamic_data_load_start__ + SIZEOF (.log_dynamic_data))
                0x0000000000000001                . = ASSERT (((__log_dynamic_data_load_start__ == __log_dynamic_data_load_end__) || ((__log_dynamic_data_load_end__ - __FLASH_segment_start__) <= __FLASH_segment_size__)), error: .log_dynamic_data is too large to fit in FLASH memory segment)

.log_dynamic_data_run
                0x0000000020000000        0x0
                0x0000000020000000                __log_dynamic_data_run_start__ = .
                0x0000000020000000                __start_log_dynamic_data = __log_dynamic_data_run_start__
                0x0000000020000000                . = MAX ((__log_dynamic_data_run_start__ + SIZEOF (.log_dynamic_data)), .)
                0x0000000020000000                __log_dynamic_data_run_end__ = (__log_dynamic_data_run_start__ + SIZEOF (.log_dynamic_data_run))
                0x0000000000000000                __log_dynamic_data_run_size__ = SIZEOF (.log_dynamic_data_run)
                0x0000000020000000                __stop_log_dynamic_data = __log_dynamic_data_run_end__
                0x0000000020000000                __log_dynamic_data_run_load_end__ = __log_dynamic_data_run_end__
                0x0000000000000001                . = ASSERT (((__log_dynamic_data_run_start__ == __log_dynamic_data_run_end__) || ((__log_dynamic_data_run_end__ - __RAM_segment_start__) <= __RAM_segment_size__)), error: .log_dynamic_data_run is too large to fit in RAM memory segment)
                0x000000000000581c                __log_filter_data_load_start__ = ALIGN ((__log_dynamic_data_load_start__ + SIZEOF (.log_dynamic_data)), 0x4)

.log_filter_data
                0x0000000020000000        0x0 load address 0x000000000000581c
                0x0000000020000000                __log_filter_data_start__ = .
 *(SORT_BY_NAME(.log_filter_data*))
                0x0000000020000000                __log_filter_data_end__ = (__log_filter_data_start__ + SIZEOF (.log_filter_data))
                0x0000000000000000                __log_filter_data_size__ = SIZEOF (.log_filter_data)
                0x000000000000581c                __log_filter_data_load_end__ = (__log_filter_data_load_start__ + SIZEOF (.log_filter_data))
                0x0000000000000001                . = ASSERT (((__log_filter_data_load_start__ == __log_filter_data_load_end__) || ((__log_filter_data_load_end__ - __FLASH_segment_start__) <= __FLASH_segment_size__)), error: .log_filter_data is too large to fit in FLASH memory segment)

.log_filter_data_run
                0x0000000020000000        0x0
                0x0000000020000000                __log_filter_data_run_start__ = .
                0x0000000020000000                __start_log_filter_data = __log_filter_data_run_start__
                0x0000000020000000                . = MAX ((__log_filter_data_run_start__ + SIZEOF (.log_filter_data)), .)
                0x0000000020000000                __log_filter_data_run_end__ = (__log_filter_data_run_start__ + SIZEOF (.log_filter_data_run))
                0x0000000000000000                __log_filter_data_run_size__ = SIZEOF (.log_filter_data_run)
                0x0000000020000000                __stop_log_filter_data = __log_filter_data_run_end__
                0x0000000020000000                __log_filter_data_run_load_end__ = __log_filter_data_run_end__
                0x0000000000000001                . = ASSERT (((__log_filter_data_run_start__ == __log_filter_data_run_end__) || ((__log_filter_data_run_end__ - __RAM_segment_start__) <= __RAM_segment_size__)), error: .log_filter_data_run is too large to fit in RAM memory segment)
                0x0000000020000000                __nrf_sections_run_end_load_start__ = ALIGN (__log_filter_data_run_end__, 0x4)

.nrf_sections_run_end
                0x0000000020000000        0x0
                0x0000000020000000                __nrf_sections_run_end_start__ = .
                0x0000000020000000                __end_nrf_sections_run = __nrf_sections_run_end_start__
 *(.nrf_sections_run_end .nrf_sections_run_end.*)
                0x0000000020000000                __nrf_sections_run_end_end__ = (__nrf_sections_run_end_start__ + SIZEOF (.nrf_sections_run_end))
                0x0000000000000000                __nrf_sections_run_end_size__ = SIZEOF (.nrf_sections_run_end)
                0x0000000020000000                __nrf_sections_run_end_load_end__ = __nrf_sections_run_end_end__
                0x0000000000000001                . = ASSERT (((__nrf_sections_run_end_start__ == __nrf_sections_run_end_end__) || ((__nrf_sections_run_end_end__ - __RAM_segment_start__) <= __RAM_segment_size__)), error: .nrf_sections_run_end is too large to fit in RAM memory segment)
                0x000000000000581c                __dtors_load_start__ = ALIGN ((__log_filter_data_load_start__ + SIZEOF (.log_filter_data)), 0x4)

.dtors          0x000000000000581c        0x0
                0x000000000000581c                __dtors_start__ = .
 *(SORT_BY_NAME(.dtors.*))
 *(.dtors)
 *(.fini_array)
 *(SORT_BY_NAME(.fini_array.*))
                0x000000000000581c                __dtors_end__ = (__dtors_start__ + SIZEOF (.dtors))
                0x0000000000000000                __dtors_size__ = SIZEOF (.dtors)
                0x000000000000581c                __dtors_load_end__ = __dtors_end__
                0x0000000000000001                . = ASSERT (((__dtors_start__ == __dtors_end__) || ((__dtors_end__ - __FLASH_segment_start__) <= __FLASH_segment_size__)), error: .dtors is too large to fit in FLASH memory segment)
                0x000000000000581c                __ctors_load_start__ = ALIGN (__dtors_end__, 0x4)

.ctors          0x000000000000581c        0x0
                0x000000000000581c                __ctors_start__ = .
 *(SORT_BY_NAME(.ctors.*))
 *(.ctors)
 *(.init_array)
 *(SORT_BY_NAME(.init_array.*))
                0x000000000000581c                __ctors_end__ = (__ctors_start__ + SIZEOF (.ctors))
                0x0000000000000000                __ctors_size__ = SIZEOF (.ctors)
                0x000000000000581c                __ctors_load_end__ = __ctors_end__
                0x0000000000000001                . = ASSERT (((__ctors_start__ == __ctors_end__) || ((__ctors_end__ - __FLASH_segment_start__) <= __FLASH_segment_size__)), error: .ctors is too large to fit in FLASH memory segment)
                0x000000000000581c                __rodata_load_start__ = ALIGN (__ctors_end__, 0x4)

.rodata         0x000000000000581c      0x5f3
                0x000000000000581c                __rodata_start__ = .
 *(.rodata .rodata.* .gnu.linkonce.r.*)
 .rodata        0x000000000000581c       0x20 Output/fatfs_pca10056 Release/Obj/nrf_log_backend_uart.o
 .rodata.nrf_log_backend_uart_api
                0x000000000000583c        0xc Output/fatfs_pca10056 Release/Obj/nrf_log_backend_uart.o
                0x000000000000583c                nrf_log_backend_uart_api
 .rodata.str1.1
                0x0000000000005848       0x11 Output/fatfs_pca10056 Release/Obj/nrf_log_default_backends.o
 .rodata.nrf_log_frontend_dequeue.str1.1
                0x0000000000005859       0x11 Output/fatfs_pca10056 Release/Obj/nrf_log_frontend.o
 .rodata.str1.1
                0x000000000000586a        0x4 Output/fatfs_pca10056 Release/Obj/nrf_log_frontend.o
 *fill*         0x000000000000586e        0x2 
 .rodata.m_log_push_ringbuf
                0x0000000000005870        0xc Output/fatfs_pca10056 Release/Obj/nrf_log_frontend.o
 .rodata.postfix_process.str1.1
                0x000000000000587c        0x8 Output/fatfs_pca10056 Release/Obj/nrf_log_str_formatter.o
                                          0xb (size before relaxing)
 .rodata.prefix_process.str1.1
                0x0000000000005884       0x2a Output/fatfs_pca10056 Release/Obj/nrf_log_str_formatter.o
 .rodata.nrf_log_hexdump_entry_process.str1.1
                0x00000000000058ae        0xf Output/fatfs_pca10056 Release/Obj/nrf_log_str_formatter.o
                                         0x11 (size before relaxing)
 .rodata.str1.1
                0x00000000000058bd       0x4b Output/fatfs_pca10056 Release/Obj/nrf_log_str_formatter.o
                                         0x51 (size before relaxing)
 .rodata.m_colors
                0x0000000000005908       0x24 Output/fatfs_pca10056 Release/Obj/nrf_log_str_formatter.o
 .rodata.severity_names
                0x000000000000592c       0x14 Output/fatfs_pca10056 Release/Obj/nrf_log_str_formatter.o
 .rodata.m_board_led_list
                0x0000000000005940        0x4 Output/fatfs_pca10056 Release/Obj/boards.o
 .rodata.app_error_fault_handler.str1.1
                0x0000000000005944       0x19 Output/fatfs_pca10056 Release/Obj/app_error_weak.o
 *fill*         0x000000000000595d        0x3 
 .rodata.m_spi  0x0000000000005960       0x10 Output/fatfs_pca10056 Release/Obj/app_sdcard.o
 .rodata.nrf_block_device_sdc_ops
                0x0000000000005970       0x18 Output/fatfs_pca10056 Release/Obj/nrf_block_dev_sdc.o
                0x0000000000005970                nrf_block_device_sdc_ops
 .rodata._aV2C.7790
                0x0000000000005988       0x10 Output/fatfs_pca10056 Release/Obj/nrf_fprintf_format.o
 .rodata        0x0000000000005998       0x10 Output/fatfs_pca10056 Release/Obj/nrf_drv_spi.o
 .rodata.str1.1
                0x00000000000059a8        0x4 Output/fatfs_pca10056 Release/Obj/nrfx_prs.o
 .rodata.str1.1
                0x00000000000059ac        0x5 Output/fatfs_pca10056 Release/Obj/nrfx_spim.o
 .rodata.str1.1
                0x00000000000059b1        0x5 Output/fatfs_pca10056 Release/Obj/nrfx_uart.o
 .rodata.str1.1
                0x00000000000059b6        0x6 Output/fatfs_pca10056 Release/Obj/nrfx_uarte.o
 .rodata.readSDIOData.str1.1
                0x00000000000059bc        0x5 Output/fatfs_pca10056 Release/Obj/main.o
 .rodata.main.str1.1
                0x00000000000059c1      0x182 Output/fatfs_pca10056 Release/Obj/main.o
                                        0x185 (size before relaxing)
 .rodata.str1.1
                0x0000000000005b43       0x10 Output/fatfs_pca10056 Release/Obj/main.o
 *fill*         0x0000000000005b53        0xd 
 .rodata.delay_machine_code.7862
                0x0000000000005b60        0x6 Output/fatfs_pca10056 Release/Obj/main.o
 *fill*         0x0000000000005b66        0x2 
 .rodata.m_block_dev_sdc
                0x0000000000005b68       0x1c Output/fatfs_pca10056 Release/Obj/main.o
 .rodata._DoInit.str1.1
                0x0000000000005b84       0x14 Output/fatfs_pca10056 Release/Obj/SEGGER_RTT.o
 .rodata.follow_path.str1.1
                0x0000000000005b98        0xf Output/fatfs_pca10056 Release/Obj/ff.o
 *fill*         0x0000000000005ba7        0x1 
 .rodata.libc.__RAL_find_locale.str1.4
                0x0000000000005ba8        0xa C:/Program Files/SEGGER/SEGGER Embedded Studio for ARM 4.52c/lib/libc_v7em_fpv4_sp_d16_hard_t_le_eabi.a(libc2.o)
 *fill*         0x0000000000005bb2        0x2 
 .rodata.libc.__RAL_ascii_ctype_map
                0x0000000000005bb4       0x80 C:/Program Files/SEGGER/SEGGER Embedded Studio for ARM 4.52c/lib/libc_v7em_fpv4_sp_d16_hard_t_le_eabi.a(libc2.o)
                0x0000000000005bb4                __RAL_ascii_ctype_map
 .rodata.libc.__RAL_ascii_ctype_mask
                0x0000000000005c34        0xd C:/Program Files/SEGGER/SEGGER Embedded Studio for ARM 4.52c/lib/libc_v7em_fpv4_sp_d16_hard_t_le_eabi.a(libc2.o)
 *fill*         0x0000000000005c41        0x3 
 .rodata.libc.__RAL_c_locale
                0x0000000000005c44        0xc C:/Program Files/SEGGER/SEGGER Embedded Studio for ARM 4.52c/lib/libc_v7em_fpv4_sp_d16_hard_t_le_eabi.a(libc2.o)
                0x0000000000005c44                __RAL_c_locale
 .rodata.libc.__RAL_c_locale_abbrev_day_names
                0x0000000000005c50       0x1d C:/Program Files/SEGGER/SEGGER Embedded Studio for ARM 4.52c/lib/libc_v7em_fpv4_sp_d16_hard_t_le_eabi.a(libc2.o)
                0x0000000000005c50                __RAL_c_locale_abbrev_day_names
 *fill*         0x0000000000005c6d        0x3 
 .rodata.libc.__RAL_c_locale_abbrev_month_names
                0x0000000000005c70       0x31 C:/Program Files/SEGGER/SEGGER Embedded Studio for ARM 4.52c/lib/libc_v7em_fpv4_sp_d16_hard_t_le_eabi.a(libc2.o)
                0x0000000000005c70                __RAL_c_locale_abbrev_month_names
 *fill*         0x0000000000005ca1        0x3 
 .rodata.libc.__RAL_c_locale_am_pm_indicator
                0x0000000000005ca4        0x7 C:/Program Files/SEGGER/SEGGER Embedded Studio for ARM 4.52c/lib/libc_v7em_fpv4_sp_d16_hard_t_le_eabi.a(libc2.o)
                0x0000000000005ca4                __RAL_c_locale_am_pm_indicator
 *fill*         0x0000000000005cab        0x1 
 .rodata.libc.__RAL_c_locale_data
                0x0000000000005cac       0x58 C:/Program Files/SEGGER/SEGGER Embedded Studio for ARM 4.52c/lib/libc_v7em_fpv4_sp_d16_hard_t_le_eabi.a(libc2.o)
                0x0000000000005cac                __RAL_c_locale_data
 .rodata.libc.__RAL_c_locale_date_format
                0x0000000000005d04        0x9 C:/Program Files/SEGGER/SEGGER Embedded Studio for ARM 4.52c/lib/libc_v7em_fpv4_sp_d16_hard_t_le_eabi.a(libc2.o)
                0x0000000000005d04                __RAL_c_locale_date_format
 *fill*         0x0000000000005d0d        0x3 
 .rodata.libc.__RAL_c_locale_date_time_format
                0x0000000000005d10        0xf C:/Program Files/SEGGER/SEGGER Embedded Studio for ARM 4.52c/lib/libc_v7em_fpv4_sp_d16_hard_t_le_eabi.a(libc2.o)
                0x0000000000005d10                __RAL_c_locale_date_time_format
 *fill*         0x0000000000005d1f        0x1 
 .rodata.libc.__RAL_c_locale_day_names
                0x0000000000005d20       0x3a C:/Program Files/SEGGER/SEGGER Embedded Studio for ARM 4.52c/lib/libc_v7em_fpv4_sp_d16_hard_t_le_eabi.a(libc2.o)
                0x0000000000005d20                __RAL_c_locale_day_names
 *fill*         0x0000000000005d5a        0x2 
 .rodata.libc.__RAL_c_locale_month_names
                0x0000000000005d5c       0x57 C:/Program Files/SEGGER/SEGGER Embedded Studio for ARM 4.52c/lib/libc_v7em_fpv4_sp_d16_hard_t_le_eabi.a(libc2.o)
                0x0000000000005d5c                __RAL_c_locale_month_names
 *fill*         0x0000000000005db3        0x1 
 .rodata.libc.__RAL_c_locale_time_format
                0x0000000000005db4        0x9 C:/Program Files/SEGGER/SEGGER Embedded Studio for ARM 4.52c/lib/libc_v7em_fpv4_sp_d16_hard_t_le_eabi.a(libc2.o)
                0x0000000000005db4                __RAL_c_locale_time_format
 *fill*         0x0000000000005dbd        0x3 
 .rodata.libc.__RAL_codeset_ascii
                0x0000000000005dc0       0x20 C:/Program Files/SEGGER/SEGGER Embedded Studio for ARM 4.52c/lib/libc_v7em_fpv4_sp_d16_hard_t_le_eabi.a(libc2.o)
                0x0000000000005dc0                __RAL_codeset_ascii
 .rodata.libc.__RAL_data_empty_string
                0x0000000000005de0        0x1 C:/Program Files/SEGGER/SEGGER Embedded Studio for ARM 4.52c/lib/libc_v7em_fpv4_sp_d16_hard_t_le_eabi.a(libc2.o)
                0x0000000000005de0                __RAL_data_empty_string
 *fill*         0x0000000000005de1        0x3 
 .rodata.libc.__RAL_data_utf8_period
                0x0000000000005de4        0x2 C:/Program Files/SEGGER/SEGGER Embedded Studio for ARM 4.52c/lib/libc_v7em_fpv4_sp_d16_hard_t_le_eabi.a(libc2.o)
                0x0000000000005de4                __RAL_data_utf8_period
 *fill*         0x0000000000005de6        0x2 
 .rodata.libc.__RAL_hex_lc
                0x0000000000005de8       0x10 C:/Program Files/SEGGER/SEGGER Embedded Studio for ARM 4.52c/lib/libc_v7em_fpv4_sp_d16_hard_t_le_eabi.a(libc2.o)
                0x0000000000005de8                __RAL_hex_lc
 .rodata.libc.__RAL_hex_uc
                0x0000000000005df8       0x10 C:/Program Files/SEGGER/SEGGER Embedded Studio for ARM 4.52c/lib/libc_v7em_fpv4_sp_d16_hard_t_le_eabi.a(libc2.o)
                0x0000000000005df8                __RAL_hex_uc
 .rodata.libc.__vfprintf_int.str1.4
                0x0000000000005e08        0x7 C:/Program Files/SEGGER/SEGGER Embedded Studio for ARM 4.52c/lib/libvfprintf_v7em_fpv4_sp_d16_hard_t_le_eabi.o
                0x0000000000005e0f                __rodata_end__ = (__rodata_start__ + SIZEOF (.rodata))
                0x00000000000005f3                __rodata_size__ = SIZEOF (.rodata)
                0x0000000000005e0f                __rodata_load_end__ = __rodata_end__

.rel.dyn        0x0000000000005e10        0x0
 .rel.iplt      0x0000000000005e10        0x0 Output/fatfs_pca10056 Release/Obj/thumb_crt0.o
                0x0000000000000001                . = ASSERT (((__rodata_start__ == __rodata_end__) || ((__rodata_end__ - __FLASH_segment_start__) <= __FLASH_segment_size__)), error: .rodata is too large to fit in FLASH memory segment)
                0x0000000000005e10                __ARM.exidx_load_start__ = ALIGN (__rodata_end__, 0x4)

.ARM.exidx      0x0000000000005e10        0x0
                0x0000000000005e10                __ARM.exidx_start__ = .
                0x0000000000005e10                __exidx_start = __ARM.exidx_start__
 *(.ARM.exidx .ARM.exidx.*)
                0x0000000000005e10                __ARM.exidx_end__ = (__ARM.exidx_start__ + SIZEOF (.ARM.exidx))
                0x0000000000000000                __ARM.exidx_size__ = SIZEOF (.ARM.exidx)
                0x0000000000005e10                __exidx_end = __ARM.exidx_end__
                0x0000000000005e10                __ARM.exidx_load_end__ = __ARM.exidx_end__
                0x0000000000000001                . = ASSERT (((__ARM.exidx_start__ == __ARM.exidx_end__) || ((__ARM.exidx_end__ - __FLASH_segment_start__) <= __FLASH_segment_size__)), error: .ARM.exidx is too large to fit in FLASH memory segment)
                0x0000000000005e10                __fast_load_start__ = ALIGN (__ARM.exidx_end__, 0x4)

.fast           0x0000000020000000        0x0 load address 0x0000000000005e10
                0x0000000020000000                __fast_start__ = .
 *(.fast .fast.*)
                0x0000000020000000                __fast_end__ = (__fast_start__ + SIZEOF (.fast))
                0x0000000000000000                __fast_size__ = SIZEOF (.fast)
                0x0000000000005e10                __fast_load_end__ = (__fast_load_start__ + SIZEOF (.fast))
                0x0000000000000001                . = ASSERT (((__fast_load_start__ == __fast_load_end__) || ((__fast_load_end__ - __FLASH_segment_start__) <= __FLASH_segment_size__)), error: .fast is too large to fit in FLASH memory segment)

.fast_run       0x0000000020000000        0x0
                0x0000000020000000                __fast_run_start__ = .
                0x0000000020000000                . = MAX ((__fast_run_start__ + SIZEOF (.fast)), .)
                0x0000000020000000                __fast_run_end__ = (__fast_run_start__ + SIZEOF (.fast_run))
                0x0000000000000000                __fast_run_size__ = SIZEOF (.fast_run)
                0x0000000020000000                __fast_run_load_end__ = __fast_run_end__
                0x0000000000000001                . = ASSERT (((__fast_run_start__ == __fast_run_end__) || ((__fast_run_end__ - __RAM_segment_start__) <= __RAM_segment_size__)), error: .fast_run is too large to fit in RAM memory segment)
                0x0000000000005e10                __data_load_start__ = ALIGN ((__fast_load_start__ + SIZEOF (.fast)), 0x4)

.data           0x0000000020000000       0x40 load address 0x0000000000005e10
                0x0000000020000000                __data_start__ = .
 *(.data .data.* .gnu.linkonce.d.*)
 .data.m_uart   0x0000000020000000       0x14 Output/fatfs_pca10056 Release/Obj/nrf_log_backend_uart.o
                0x0000000020000000                m_uart
 .data.log_backend_cb_uart_log_backend
                0x0000000020000014        0x8 Output/fatfs_pca10056 Release/Obj/nrf_log_default_backends.o
 .data.drives.9330
                0x000000002000001c        0xc Output/fatfs_pca10056 Release/Obj/main.o
 .data.SystemCoreClock
                0x0000000020000028        0x4 Output/fatfs_pca10056 Release/Obj/system_nrf52840.o
                0x0000000020000028                SystemCoreClock
 .data.libc.__RAL_global_locale
                0x000000002000002c       0x14 C:/Program Files/SEGGER/SEGGER Embedded Studio for ARM 4.52c/lib/libc_v7em_fpv4_sp_d16_hard_t_le_eabi.a(libc2.o)
                0x000000002000002c                __RAL_global_locale
                0x0000000020000040                __data_end__ = (__data_start__ + SIZEOF (.data))
                0x0000000000000040                __data_size__ = SIZEOF (.data)
                0x0000000000005e50                __data_load_end__ = (__data_load_start__ + SIZEOF (.data))

.igot.plt       0x0000000100000000        0x0
 .igot.plt      0x0000000100000000        0x0 Output/fatfs_pca10056 Release/Obj/thumb_crt0.o
                0x0000000000000001                . = ASSERT (((__data_load_start__ == __data_load_end__) || ((__data_load_end__ - __FLASH_segment_start__) <= __FLASH_segment_size__)), error: .data is too large to fit in FLASH memory segment)

.data_run       0x0000000020000000       0x40 load address 0x0000000000005e10
                0x0000000020000000                __data_run_start__ = .
                0x0000000020000040                . = MAX ((__data_run_start__ + SIZEOF (.data)), .)
 *fill*         0x0000000020000000       0x40 
                0x0000000020000040                __data_run_end__ = (__data_run_start__ + SIZEOF (.data_run))
                0x0000000000000040                __data_run_size__ = SIZEOF (.data_run)
                0x0000000020000040                __data_run_load_end__ = __data_run_end__
                0x0000000000000001                . = ASSERT (((__data_run_start__ == __data_run_end__) || ((__data_run_end__ - __RAM_segment_start__) <= __RAM_segment_size__)), error: .data_run is too large to fit in RAM memory segment)
                0x0000000000005e50                __tdata_load_start__ = ALIGN ((__data_load_start__ + SIZEOF (.data)), 0x4)

.tdata          0x0000000020000040        0x0 load address 0x0000000000005e50
                0x0000000020000040                __tdata_start__ = .
 *(.tdata .tdata.*)
                0x0000000020000040                __tdata_end__ = (__tdata_start__ + SIZEOF (.tdata))
                0x0000000000000000                __tdata_size__ = SIZEOF (.tdata)
                0x0000000000005e50                __tdata_load_end__ = (__tdata_load_start__ + SIZEOF (.tdata))
                0x0000000000005e50                __FLASH_segment_used_end__ = (ALIGN ((__data_load_start__ + SIZEOF (.data)), 0x4) + SIZEOF (.tdata))
                0x0000000000005e50                __FLASH_segment_used_size__ = (__FLASH_segment_used_end__ - __FLASH_segment_start__)
                0x0000000000000001                . = ASSERT (((__tdata_load_start__ == __tdata_load_end__) || ((__tdata_load_end__ - __FLASH_segment_start__) <= __FLASH_segment_size__)), error: .tdata is too large to fit in FLASH memory segment)

.tdata_run      0x0000000020000040        0x0
                0x0000000020000040                __tdata_run_start__ = .
                0x0000000020000040                . = MAX ((__tdata_run_start__ + SIZEOF (.tdata)), .)
                0x0000000020000040                __tdata_run_end__ = (__tdata_run_start__ + SIZEOF (.tdata_run))
                0x0000000000000000                __tdata_run_size__ = SIZEOF (.tdata_run)
                0x0000000020000040                __tdata_run_load_end__ = __tdata_run_end__
                0x0000000000000001                . = ASSERT (((__tdata_run_start__ == __tdata_run_end__) || ((__tdata_run_end__ - __RAM_segment_start__) <= __RAM_segment_size__)), error: .tdata_run is too large to fit in RAM memory segment)
                0x0000000020000040                __bss_load_start__ = ALIGN (__tdata_run_end__, 0x4)

.bss            0x0000000020000040      0xe3c
                0x0000000020000040                __bss_start__ = .
 *(.bss .bss.* .gnu.linkonce.b.*)
 .bss.m_async_mode
                0x0000000020000040        0x1 Output/fatfs_pca10056 Release/Obj/nrf_log_backend_uart.o
 .bss.m_string_buff
                0x0000000020000041       0x40 Output/fatfs_pca10056 Release/Obj/nrf_log_backend_uart.o
 .bss.m_xfer_done
                0x0000000020000081        0x1 Output/fatfs_pca10056 Release/Obj/nrf_log_backend_uart.o
 *fill*         0x0000000020000082        0x2 
 .bss.log_mempool_nrf_balloc_cb
                0x0000000020000084        0x8 Output/fatfs_pca10056 Release/Obj/nrf_log_frontend.o
 .bss.log_mempool_nrf_balloc_pool_mem
                0x000000002000008c       0xc0 Output/fatfs_pca10056 Release/Obj/nrf_log_frontend.o
 .bss.log_mempool_nrf_balloc_pool_stack
                0x000000002000014c        0x8 Output/fatfs_pca10056 Release/Obj/nrf_log_frontend.o
 .bss.m_log_data
                0x0000000020000154      0x424 Output/fatfs_pca10056 Release/Obj/nrf_log_frontend.o
 .bss.m_log_push_ringbuf_buf
                0x0000000020000578       0x80 Output/fatfs_pca10056 Release/Obj/nrf_log_frontend.o
 .bss.m_log_push_ringbuf_cb
                0x00000000200005f8       0x18 Output/fatfs_pca10056 Release/Obj/nrf_log_frontend.o
 .bss.m_cb      0x0000000020000610       0x5c Output/fatfs_pca10056 Release/Obj/app_sdcard.o
 .bss.m_in_critical_region
                0x000000002000066c        0x4 Output/fatfs_pca10056 Release/Obj/app_util_platform.o
 .bss.m_active_sdc_dev
                0x0000000020000670        0x4 Output/fatfs_pca10056 Release/Obj/nrf_block_dev_sdc.o
 .bss.m_last_result
                0x0000000020000674        0x1 Output/fatfs_pca10056 Release/Obj/nrf_block_dev_sdc.o
 *fill*         0x0000000020000675        0x3 
 .bss.m_contexts
                0x0000000020000678       0x10 Output/fatfs_pca10056 Release/Obj/nrf_drv_spi.o
 .bss.m_handlers
                0x0000000020000688       0x10 Output/fatfs_pca10056 Release/Obj/nrf_drv_spi.o
 .bss.m_contexts
                0x0000000020000698        0x8 Output/fatfs_pca10056 Release/Obj/nrf_drv_uart.o
 .bss.m_handlers
                0x00000000200006a0        0x8 Output/fatfs_pca10056 Release/Obj/nrf_drv_uart.o
 .bss.nrf_drv_uart_use_easy_dma
                0x00000000200006a8        0x2 Output/fatfs_pca10056 Release/Obj/nrf_drv_uart.o
                0x00000000200006a8                nrf_drv_uart_use_easy_dma
 *fill*         0x00000000200006aa        0x2 
 .bss.m_prs_box_4
                0x00000000200006ac        0x8 Output/fatfs_pca10056 Release/Obj/nrfx_prs.o
 .bss.m_cb      0x00000000200006b4       0x24 Output/fatfs_pca10056 Release/Obj/nrfx_spim.o
 .bss.m_cb      0x00000000200006d8       0x2c Output/fatfs_pca10056 Release/Obj/nrfx_uart.o
 .bss.m_cb      0x0000000020000704       0x24 Output/fatfs_pca10056 Release/Obj/nrfx_uarte.o
 .bss.dir.9324  0x0000000020000728       0x2c Output/fatfs_pca10056 Release/Obj/main.o
 .bss.file.9326
                0x0000000020000754      0x228 Output/fatfs_pca10056 Release/Obj/main.o
 .bss.fno.9325  0x000000002000097c       0x18 Output/fatfs_pca10056 Release/Obj/main.o
 .bss.fs.9323   0x0000000020000994      0x230 Output/fatfs_pca10056 Release/Obj/main.o
 .bss.m_block_dev_sdc_work
                0x0000000020000bc4       0x1c Output/fatfs_pca10056 Release/Obj/main.o
 .bss._SEGGER_RTT
                0x0000000020000be0       0x78 Output/fatfs_pca10056 Release/Obj/SEGGER_RTT.o
                0x0000000020000be0                _SEGGER_RTT
 .bss._acDownBuffer
                0x0000000020000c58       0x10 Output/fatfs_pca10056 Release/Obj/SEGGER_RTT.o
 .bss._acUpBuffer
                0x0000000020000c68      0x200 Output/fatfs_pca10056 Release/Obj/SEGGER_RTT.o
 .bss.m_drives  0x0000000020000e68        0x4 Output/fatfs_pca10056 Release/Obj/diskio_blkdev.o
 .bss.m_drives_count
                0x0000000020000e6c        0x1 Output/fatfs_pca10056 Release/Obj/diskio_blkdev.o
 *fill*         0x0000000020000e6d        0x3 
 .bss.FatFs     0x0000000020000e70        0x4 Output/fatfs_pca10056 Release/Obj/ff.o
 .bss.Fsid      0x0000000020000e74        0x2 Output/fatfs_pca10056 Release/Obj/ff.o
 *fill*         0x0000000020000e76        0x2 
 .bss.libc.__user_format_extender
                0x0000000020000e78        0x4 C:/Program Files/SEGGER/SEGGER Embedded Studio for ARM 4.52c/lib/libc_v7em_fpv4_sp_d16_hard_t_le_eabi.a(libc2.o)
                0x0000000020000e78                __user_format_extender
 *(COMMON)
                0x0000000020000e7c                __bss_end__ = (__bss_start__ + SIZEOF (.bss))
                0x0000000000000e3c                __bss_size__ = SIZEOF (.bss)
                0x0000000020000e7c                __bss_load_end__ = __bss_end__
                0x0000000000000001                . = ASSERT (((__bss_start__ == __bss_end__) || ((__bss_end__ - __RAM_segment_start__) <= __RAM_segment_size__)), error: .bss is too large to fit in RAM memory segment)
                0x0000000020000e7c                __tbss_load_start__ = ALIGN (__bss_end__, 0x4)

.tbss           0x0000000020000e7c        0x0
                0x0000000020000e7c                __tbss_start__ = .
 *(.tbss .tbss.*)
                0x0000000020000e7c                __tbss_end__ = (__tbss_start__ + SIZEOF (.tbss))
                0x0000000000000000                __tbss_size__ = SIZEOF (.tbss)
                0x0000000020000e7c                __tbss_load_end__ = __tbss_end__
                0x0000000000000001                . = ASSERT (((__tbss_start__ == __tbss_end__) || ((__tbss_end__ - __RAM_segment_start__) <= __RAM_segment_size__)), error: .tbss is too large to fit in RAM memory segment)
                0x0000000020000e7c                __non_init_load_start__ = ALIGN (__tbss_end__, 0x4)

.non_init       0x0000000020000e7c        0x0
                0x0000000020000e7c                __non_init_start__ = .
 *(.non_init .non_init.*)
                0x0000000020000e7c                __non_init_end__ = (__non_init_start__ + SIZEOF (.non_init))
                0x0000000000000000                __non_init_size__ = SIZEOF (.non_init)
                0x0000000020000e7c                __non_init_load_end__ = __non_init_end__
                0x0000000000000001                . = ASSERT (((__non_init_start__ == __non_init_end__) || ((__non_init_end__ - __RAM_segment_start__) <= __RAM_segment_size__)), error: .non_init is too large to fit in RAM memory segment)
                0x0000000020000e7c                __heap_load_start__ = ALIGN (__non_init_end__, 0x4)

.heap           0x0000000020000e7c     0x2000
                0x0000000020000e7c                __heap_start__ = .
 *(.heap .heap.*)
                0x0000000020002e7c                . = ALIGN (MAX ((__heap_start__ + __HEAPSIZE__), .), 0x4)
 *fill*         0x0000000020000e7c     0x2000 
                0x0000000020002e7c                __heap_end__ = (__heap_start__ + SIZEOF (.heap))
                0x0000000000002000                __heap_size__ = SIZEOF (.heap)
                0x0000000020002e7c                __heap_load_end__ = __heap_end__
                0x0000000000000001                . = ASSERT (((__heap_start__ == __heap_end__) || ((__heap_end__ - __RAM_segment_start__) <= __RAM_segment_size__)), error: .heap is too large to fit in RAM memory segment)
                0x000000002003e000                __stack_load_start__ = (__RAM_segment_start__ + (__RAM_segment_size__ - 0x2000))

.stack          0x000000002003e000     0x2000
                0x000000002003e000                __stack_start__ = .
                0x000000002003e000                __StackLimit = __stack_start__
 *(.stack .stack.*)
                0x0000000020040000                . = ALIGN (MAX ((__stack_start__ + __STACKSIZE__), .), 0x8)
 *fill*         0x000000002003e000     0x2000 
                0x0000000020040000                __stack_end__ = (__stack_start__ + SIZEOF (.stack))
                0x0000000000002000                __stack_size__ = SIZEOF (.stack)
                0x0000000020040000                __StackTop = __stack_end__
                0x0000000020040000                __stack_load_end__ = __stack_end__
                0x0000000000000001                . = ASSERT (((__stack_start__ == __stack_end__) || ((__stack_end__ - __RAM_segment_start__) <= __RAM_segment_size__)), error: .stack is too large to fit in RAM memory segment)
                0x0000000000000001                . = ASSERT ((__heap_end__ <= __stack_start__), error: section .heap overlaps absolute placed section .stack)
                0x0000000020040000                __stack_process_load_start__ = ALIGN (__stack_end__, 0x8)

.stack_process  0x0000000020040000        0x0
                0x0000000020040000                __stack_process_start__ = .
 *(.stack_process .stack_process.*)
                0x0000000020040000                . = ALIGN (MAX ((__stack_process_start__ + __STACKSIZE_PROCESS__), .), 0x8)
                0x0000000020040000                __stack_process_end__ = (__stack_process_start__ + SIZEOF (.stack_process))
                0x0000000000000000                __stack_process_size__ = SIZEOF (.stack_process)
                0x0000000020040000                __stack_process_load_end__ = __stack_process_end__
                0x0000000020040000                __RAM_segment_used_end__ = (ALIGN (__stack_end__, 0x8) + SIZEOF (.stack_process))
                0x0000000000040000                __RAM_segment_used_size__ = (__RAM_segment_used_end__ - __RAM_segment_start__)
                0x0000000000000001                . = ASSERT (((__stack_process_start__ == __stack_process_end__) || ((__stack_process_end__ - __RAM_segment_start__) <= __RAM_segment_size__)), error: .stack_process is too large to fit in RAM memory segment)
START GROUP
LOAD Output/fatfs_pca10056 Release/Obj/thumb_crt0.o
LOAD Output/fatfs_pca10056 Release/Obj/nrf_log_backend_rtt.o
LOAD Output/fatfs_pca10056 Release/Obj/nrf_log_backend_serial.o
LOAD Output/fatfs_pca10056 Release/Obj/nrf_log_backend_uart.o
LOAD Output/fatfs_pca10056 Release/Obj/nrf_log_default_backends.o
LOAD Output/fatfs_pca10056 Release/Obj/nrf_log_frontend.o
LOAD Output/fatfs_pca10056 Release/Obj/nrf_log_str_formatter.o
LOAD Output/fatfs_pca10056 Release/Obj/boards.o
LOAD Output/fatfs_pca10056 Release/Obj/app_error.o
LOAD Output/fatfs_pca10056 Release/Obj/app_error_handler_gcc.o
LOAD Output/fatfs_pca10056 Release/Obj/app_error_weak.o
LOAD Output/fatfs_pca10056 Release/Obj/app_fifo.o
LOAD Output/fatfs_pca10056 Release/Obj/app_sdcard.o
LOAD Output/fatfs_pca10056 Release/Obj/app_uart_fifo.o
LOAD Output/fatfs_pca10056 Release/Obj/app_util_platform.o
LOAD Output/fatfs_pca10056 Release/Obj/nrf_assert.o
LOAD Output/fatfs_pca10056 Release/Obj/nrf_atomic.o
LOAD Output/fatfs_pca10056 Release/Obj/nrf_balloc.o
LOAD Output/fatfs_pca10056 Release/Obj/nrf_block_dev_sdc.o
LOAD Output/fatfs_pca10056 Release/Obj/nrf_fprintf.o
LOAD Output/fatfs_pca10056 Release/Obj/nrf_fprintf_format.o
LOAD Output/fatfs_pca10056 Release/Obj/nrf_memobj.o
LOAD Output/fatfs_pca10056 Release/Obj/nrf_ringbuf.o
LOAD Output/fatfs_pca10056 Release/Obj/nrf_strerror.o
LOAD Output/fatfs_pca10056 Release/Obj/nrf_drv_spi.o
LOAD Output/fatfs_pca10056 Release/Obj/nrf_drv_uart.o
LOAD Output/fatfs_pca10056 Release/Obj/nrfx_atomic.o
LOAD Output/fatfs_pca10056 Release/Obj/nrfx_prs.o
LOAD Output/fatfs_pca10056 Release/Obj/nrfx_spi.o
LOAD Output/fatfs_pca10056 Release/Obj/nrfx_spim.o
LOAD Output/fatfs_pca10056 Release/Obj/nrfx_uart.o
LOAD Output/fatfs_pca10056 Release/Obj/nrfx_uarte.o
LOAD Output/fatfs_pca10056 Release/Obj/main.o
LOAD Output/fatfs_pca10056 Release/Obj/SEGGER_RTT.o
LOAD Output/fatfs_pca10056 Release/Obj/SEGGER_RTT_Syscalls_SES.o
LOAD Output/fatfs_pca10056 Release/Obj/SEGGER_RTT_printf.o
LOAD Output/fatfs_pca10056 Release/Obj/diskio_blkdev.o
LOAD Output/fatfs_pca10056 Release/Obj/ff.o
LOAD Output/fatfs_pca10056 Release/Obj/ses_startup_nrf52840.o
LOAD Output/fatfs_pca10056 Release/Obj/ses_startup_nrf_common.o
LOAD Output/fatfs_pca10056 Release/Obj/system_nrf52840.o
LOAD C:/Program Files/SEGGER/SEGGER Embedded Studio for ARM 4.52c/lib/libdebugio_mempoll_v7em_fpv4_sp_d16_hard_t_le_eabi.a
LOAD C:/Program Files/SEGGER/SEGGER Embedded Studio for ARM 4.52c/lib/libm_v7em_fpv4_sp_d16_hard_t_le_eabi.a
LOAD C:/Program Files/SEGGER/SEGGER Embedded Studio for ARM 4.52c/lib/libc_v7em_fpv4_sp_d16_hard_t_le_eabi.a
LOAD C:/Program Files/SEGGER/SEGGER Embedded Studio for ARM 4.52c/lib/libcpp_v7em_fpv4_sp_d16_hard_t_le_eabi.a
LOAD C:/Program Files/SEGGER/SEGGER Embedded Studio for ARM 4.52c/lib/libdebugio_v7em_fpv4_sp_d16_hard_t_le_eabi.a
LOAD C:/Program Files/SEGGER/SEGGER Embedded Studio for ARM 4.52c/lib/libvfprintf_v7em_fpv4_sp_d16_hard_t_le_eabi.o
LOAD C:/Program Files/SEGGER/SEGGER Embedded Studio for ARM 4.52c/lib/libvfscanf_v7em_fpv4_sp_d16_hard_t_le_eabi.o
END GROUP
OUTPUT(Output/Release/Exe/fatfs_pca10056.elf elf32-littlearm)

.ARM.attributes
                0x0000000000000000       0x35
 .ARM.attributes
                0x0000000000000000       0x25 Output/fatfs_pca10056 Release/Obj/thumb_crt0.o
 .ARM.attributes
                0x0000000000000025       0x39 Output/fatfs_pca10056 Release/Obj/nrf_log_backend_serial.o
 .ARM.attributes
                0x000000000000005e       0x39 Output/fatfs_pca10056 Release/Obj/nrf_log_backend_uart.o
 .ARM.attributes
                0x0000000000000097       0x39 Output/fatfs_pca10056 Release/Obj/nrf_log_default_backends.o
 .ARM.attributes
                0x00000000000000d0       0x39 Output/fatfs_pca10056 Release/Obj/nrf_log_frontend.o
 .ARM.attributes
                0x0000000000000109       0x39 Output/fatfs_pca10056 Release/Obj/nrf_log_str_formatter.o
 .ARM.attributes
                0x0000000000000142       0x39 Output/fatfs_pca10056 Release/Obj/boards.o
 .ARM.attributes
                0x000000000000017b       0x39 Output/fatfs_pca10056 Release/Obj/app_error.o
 .ARM.attributes
                0x00000000000001b4       0x39 Output/fatfs_pca10056 Release/Obj/app_error_weak.o
 .ARM.attributes
                0x00000000000001ed       0x39 Output/fatfs_pca10056 Release/Obj/app_sdcard.o
 .ARM.attributes
                0x0000000000000226       0x39 Output/fatfs_pca10056 Release/Obj/app_util_platform.o
 .ARM.attributes
                0x000000000000025f       0x39 Output/fatfs_pca10056 Release/Obj/nrf_atomic.o
 .ARM.attributes
                0x0000000000000298       0x39 Output/fatfs_pca10056 Release/Obj/nrf_balloc.o
 .ARM.attributes
                0x00000000000002d1       0x39 Output/fatfs_pca10056 Release/Obj/nrf_block_dev_sdc.o
 .ARM.attributes
                0x000000000000030a       0x39 Output/fatfs_pca10056 Release/Obj/nrf_fprintf.o
 .ARM.attributes
                0x0000000000000343       0x39 Output/fatfs_pca10056 Release/Obj/nrf_fprintf_format.o
 .ARM.attributes
                0x000000000000037c       0x39 Output/fatfs_pca10056 Release/Obj/nrf_memobj.o
 .ARM.attributes
                0x00000000000003b5       0x39 Output/fatfs_pca10056 Release/Obj/nrf_ringbuf.o
 .ARM.attributes
                0x00000000000003ee       0x39 Output/fatfs_pca10056 Release/Obj/nrf_drv_spi.o
 .ARM.attributes
                0x0000000000000427       0x39 Output/fatfs_pca10056 Release/Obj/nrf_drv_uart.o
 .ARM.attributes
                0x0000000000000460       0x39 Output/fatfs_pca10056 Release/Obj/nrfx_prs.o
 .ARM.attributes
                0x0000000000000499       0x39 Output/fatfs_pca10056 Release/Obj/nrfx_spim.o
 .ARM.attributes
                0x00000000000004d2       0x39 Output/fatfs_pca10056 Release/Obj/nrfx_uart.o
 .ARM.attributes
                0x000000000000050b       0x39 Output/fatfs_pca10056 Release/Obj/nrfx_uarte.o
 .ARM.attributes
                0x0000000000000544       0x39 Output/fatfs_pca10056 Release/Obj/main.o
 .ARM.attributes
                0x000000000000057d       0x39 Output/fatfs_pca10056 Release/Obj/SEGGER_RTT.o
 .ARM.attributes
                0x00000000000005b6       0x39 Output/fatfs_pca10056 Release/Obj/SEGGER_RTT_Syscalls_SES.o
 .ARM.attributes
                0x00000000000005ef       0x39 Output/fatfs_pca10056 Release/Obj/diskio_blkdev.o
 .ARM.attributes
                0x0000000000000628       0x39 Output/fatfs_pca10056 Release/Obj/ff.o
 .ARM.attributes
                0x0000000000000661       0x25 Output/fatfs_pca10056 Release/Obj/ses_startup_nrf52840.o
 .ARM.attributes
                0x0000000000000686       0x25 Output/fatfs_pca10056 Release/Obj/ses_startup_nrf_common.o
 .ARM.attributes
                0x00000000000006ab       0x39 Output/fatfs_pca10056 Release/Obj/system_nrf52840.o
 .ARM.attributes
                0x00000000000006e4       0x34 C:/Program Files/SEGGER/SEGGER Embedded Studio for ARM 4.52c/lib/libc_v7em_fpv4_sp_d16_hard_t_le_eabi.a(libc2.o)
 .ARM.attributes
                0x0000000000000718       0x20 C:/Program Files/SEGGER/SEGGER Embedded Studio for ARM 4.52c/lib/libc_v7em_fpv4_sp_d16_hard_t_le_eabi.a(libc2_asm.o)
 .ARM.attributes
                0x0000000000000738       0x34 C:/Program Files/SEGGER/SEGGER Embedded Studio for ARM 4.52c/lib/libvfprintf_v7em_fpv4_sp_d16_hard_t_le_eabi.o

.comment        0x0000000000000000       0x47
 .comment       0x0000000000000000       0x47 Output/fatfs_pca10056 Release/Obj/nrf_log_backend_serial.o
                                         0x48 (size before relaxing)
 .comment       0x0000000000000047       0x48 Output/fatfs_pca10056 Release/Obj/nrf_log_backend_uart.o
 .comment       0x0000000000000047       0x48 Output/fatfs_pca10056 Release/Obj/nrf_log_default_backends.o
 .comment       0x0000000000000047       0x48 Output/fatfs_pca10056 Release/Obj/nrf_log_frontend.o
 .comment       0x0000000000000047       0x48 Output/fatfs_pca10056 Release/Obj/nrf_log_str_formatter.o
 .comment       0x0000000000000047       0x48 Output/fatfs_pca10056 Release/Obj/boards.o
 .comment       0x0000000000000047       0x48 Output/fatfs_pca10056 Release/Obj/app_error.o
 .comment       0x0000000000000047       0x48 Output/fatfs_pca10056 Release/Obj/app_error_weak.o
 .comment       0x0000000000000047       0x48 Output/fatfs_pca10056 Release/Obj/app_sdcard.o
 .comment       0x0000000000000047       0x48 Output/fatfs_pca10056 Release/Obj/app_util_platform.o
 .comment       0x0000000000000047       0x48 Output/fatfs_pca10056 Release/Obj/nrf_atomic.o
 .comment       0x0000000000000047       0x48 Output/fatfs_pca10056 Release/Obj/nrf_balloc.o
 .comment       0x0000000000000047       0x48 Output/fatfs_pca10056 Release/Obj/nrf_block_dev_sdc.o
 .comment       0x0000000000000047       0x48 Output/fatfs_pca10056 Release/Obj/nrf_fprintf.o
 .comment       0x0000000000000047       0x48 Output/fatfs_pca10056 Release/Obj/nrf_fprintf_format.o
 .comment       0x0000000000000047       0x48 Output/fatfs_pca10056 Release/Obj/nrf_memobj.o
 .comment       0x0000000000000047       0x48 Output/fatfs_pca10056 Release/Obj/nrf_ringbuf.o
 .comment       0x0000000000000047       0x48 Output/fatfs_pca10056 Release/Obj/nrf_drv_spi.o
 .comment       0x0000000000000047       0x48 Output/fatfs_pca10056 Release/Obj/nrf_drv_uart.o
 .comment       0x0000000000000047       0x48 Output/fatfs_pca10056 Release/Obj/nrfx_prs.o
 .comment       0x0000000000000047       0x48 Output/fatfs_pca10056 Release/Obj/nrfx_spim.o
 .comment       0x0000000000000047       0x48 Output/fatfs_pca10056 Release/Obj/nrfx_uart.o
 .comment       0x0000000000000047       0x48 Output/fatfs_pca10056 Release/Obj/nrfx_uarte.o
 .comment       0x0000000000000047       0x48 Output/fatfs_pca10056 Release/Obj/main.o
 .comment       0x0000000000000047       0x48 Output/fatfs_pca10056 Release/Obj/SEGGER_RTT.o
 .comment       0x0000000000000047       0x48 Output/fatfs_pca10056 Release/Obj/SEGGER_RTT_Syscalls_SES.o
 .comment       0x0000000000000047       0x48 Output/fatfs_pca10056 Release/Obj/diskio_blkdev.o
 .comment       0x0000000000000047       0x48 Output/fatfs_pca10056 Release/Obj/ff.o
 .comment       0x0000000000000047       0x48 Output/fatfs_pca10056 Release/Obj/system_nrf52840.o
 .comment       0x0000000000000047       0x48 C:/Program Files/SEGGER/SEGGER Embedded Studio for ARM 4.52c/lib/libc_v7em_fpv4_sp_d16_hard_t_le_eabi.a(libc2.o)
 .comment       0x0000000000000047       0x48 C:/Program Files/SEGGER/SEGGER Embedded Studio for ARM 4.52c/lib/libvfprintf_v7em_fpv4_sp_d16_hard_t_le_eabi.o

.debug_line     0x0000000000000000    0x158cf
 .debug_line    0x0000000000000000      0x1fe Output/fatfs_pca10056 Release/Obj/thumb_crt0.o
 .debug_line    0x00000000000001fe      0x671 Output/fatfs_pca10056 Release/Obj/nrf_log_backend_serial.o
 .debug_line    0x000000000000086f      0x911 Output/fatfs_pca10056 Release/Obj/nrf_log_backend_uart.o
 .debug_line    0x0000000000001180      0x56b Output/fatfs_pca10056 Release/Obj/nrf_log_default_backends.o
 .debug_line    0x00000000000016eb     0x124e Output/fatfs_pca10056 Release/Obj/nrf_log_frontend.o
 .debug_line    0x0000000000002939      0x782 Output/fatfs_pca10056 Release/Obj/nrf_log_str_formatter.o
 .debug_line    0x00000000000030bb      0xaeb Output/fatfs_pca10056 Release/Obj/boards.o
 .debug_line    0x0000000000003ba6      0x3a4 Output/fatfs_pca10056 Release/Obj/app_error.o
 .debug_line    0x0000000000003f4a      0x699 Output/fatfs_pca10056 Release/Obj/app_error_weak.o
 .debug_line    0x00000000000045e3     0x176c Output/fatfs_pca10056 Release/Obj/app_sdcard.o
 .debug_line    0x0000000000005d4f      0x422 Output/fatfs_pca10056 Release/Obj/app_util_platform.o
 .debug_line    0x0000000000006171      0x687 Output/fatfs_pca10056 Release/Obj/nrf_atomic.o
 .debug_line    0x00000000000067f8      0x686 Output/fatfs_pca10056 Release/Obj/nrf_balloc.o
 .debug_line    0x0000000000006e7e      0x7bb Output/fatfs_pca10056 Release/Obj/nrf_block_dev_sdc.o
 .debug_line    0x0000000000007639      0x3c3 Output/fatfs_pca10056 Release/Obj/nrf_fprintf.o
 .debug_line    0x00000000000079fc      0x823 Output/fatfs_pca10056 Release/Obj/nrf_fprintf_format.o
 .debug_line    0x000000000000821f      0x7cb Output/fatfs_pca10056 Release/Obj/nrf_memobj.o
 .debug_line    0x00000000000089ea      0x740 Output/fatfs_pca10056 Release/Obj/nrf_ringbuf.o
 .debug_line    0x000000000000912a      0x5f0 Output/fatfs_pca10056 Release/Obj/nrf_drv_spi.o
 .debug_line    0x000000000000971a      0x632 Output/fatfs_pca10056 Release/Obj/nrf_drv_uart.o
 .debug_line    0x0000000000009d4c      0x703 Output/fatfs_pca10056 Release/Obj/nrfx_prs.o
 .debug_line    0x000000000000a44f     0x114c Output/fatfs_pca10056 Release/Obj/nrfx_spim.o
 .debug_line    0x000000000000b59b     0x1720 Output/fatfs_pca10056 Release/Obj/nrfx_uart.o
 .debug_line    0x000000000000ccbb     0x1663 Output/fatfs_pca10056 Release/Obj/nrfx_uarte.o
 .debug_line    0x000000000000e31e     0x19b2 Output/fatfs_pca10056 Release/Obj/main.o
 .debug_line    0x000000000000fcd0     0x120d Output/fatfs_pca10056 Release/Obj/SEGGER_RTT.o
 .debug_line    0x0000000000010edd      0x438 Output/fatfs_pca10056 Release/Obj/SEGGER_RTT_Syscalls_SES.o
 .debug_line    0x0000000000011315      0x8e7 Output/fatfs_pca10056 Release/Obj/diskio_blkdev.o
 .debug_line    0x0000000000011bfc     0x36d1 Output/fatfs_pca10056 Release/Obj/ff.o
 .debug_line    0x00000000000152cd       0x74 Output/fatfs_pca10056 Release/Obj/ses_startup_nrf52840.o
 .debug_line    0x0000000000015341       0x93 Output/fatfs_pca10056 Release/Obj/ses_startup_nrf_common.o
 .debug_line    0x00000000000153d4      0x4fb Output/fatfs_pca10056 Release/Obj/system_nrf52840.o

.debug_info     0x0000000000000000    0x2d63d
 .debug_info    0x0000000000000000       0x22 Output/fatfs_pca10056 Release/Obj/thumb_crt0.o
 .debug_info    0x0000000000000022      0xea0 Output/fatfs_pca10056 Release/Obj/nrf_log_backend_serial.o
 .debug_info    0x0000000000000ec2     0x18d5 Output/fatfs_pca10056 Release/Obj/nrf_log_backend_uart.o
 .debug_info    0x0000000000002797      0xa1a Output/fatfs_pca10056 Release/Obj/nrf_log_default_backends.o
 .debug_info    0x00000000000031b1     0x29a0 Output/fatfs_pca10056 Release/Obj/nrf_log_frontend.o